Archive member included to satisfy reference by file (symbol)

c:/program files (x86)/atmel/studio/7.0/toolchain/avr8/avr8-gnu-toolchain/bin/../lib/gcc/avr/5.4.0/avrxmega3\libgcc.a(_divmodhi4.o)
                              Debug/asx/src/queue.o (__divmodhi4)
c:/program files (x86)/atmel/studio/7.0/toolchain/avr8/avr8-gnu-toolchain/bin/../lib/gcc/avr/5.4.0/avrxmega3\libgcc.a(_exit.o)
                              C:/Program Files (x86)/Atmel/Studio/7.0/Packs/Atmel/ATtiny_DFP/2.0.368/gcc/dev/attiny1626/avrxmega3/crtattiny1626.o (exit)
c:/program files (x86)/atmel/studio/7.0/toolchain/avr8/avr8-gnu-toolchain/bin/../lib/gcc/avr/5.4.0/avrxmega3\libgcc.a(_copy_data.o)
                              Debug/asx/src/digital_input.o (__do_copy_data)
c:/program files (x86)/atmel/studio/7.0/toolchain/avr8/avr8-gnu-toolchain/bin/../lib/gcc/avr/5.4.0/avrxmega3\libgcc.a(_clear_bss.o)
                              Debug/asx/src/digital_input.o (__do_clear_bss)
c:/program files (x86)/atmel/studio/7.0/toolchain/avr8/avr8-gnu-toolchain/bin/../lib/gcc/avr/5.4.0/avrxmega3\libgcc.a(_udivmodhi4.o)
                              c:/program files (x86)/atmel/studio/7.0/toolchain/avr8/avr8-gnu-toolchain/bin/../lib/gcc/avr/5.4.0/avrxmega3\libgcc.a(_divmodhi4.o) (__udivmodhi4)
c:/program files (x86)/atmel/studio/7.0/toolchain/avr8/avr8-gnu-toolchain/bin/../lib/gcc/avr/5.4.0/../../../../avr/lib/avrxmega3\libc.a(qsort.o)
                              Debug/asx/src/reactor.o (qsort)
c:/program files (x86)/atmel/studio/7.0/toolchain/avr8/avr8-gnu-toolchain/bin/../lib/gcc/avr/5.4.0/../../../../avr/lib/avrxmega3\libc.a(memset.o)
                              Debug/asx/src/mem.o (memset)
c:/program files (x86)/atmel/studio/7.0/toolchain/avr8/avr8-gnu-toolchain/bin/../lib/gcc/avr/5.4.0/avrxmega3\libgcc.a(_prologue.o)
                              c:/program files (x86)/atmel/studio/7.0/toolchain/avr8/avr8-gnu-toolchain/bin/../lib/gcc/avr/5.4.0/../../../../avr/lib/avrxmega3\libc.a(qsort.o) (__prologue_saves__)
c:/program files (x86)/atmel/studio/7.0/toolchain/avr8/avr8-gnu-toolchain/bin/../lib/gcc/avr/5.4.0/avrxmega3\libgcc.a(_epilogue.o)
                              c:/program files (x86)/atmel/studio/7.0/toolchain/avr8/avr8-gnu-toolchain/bin/../lib/gcc/avr/5.4.0/../../../../avr/lib/avrxmega3\libc.a(qsort.o) (__epilogue_restores__)

Allocating common symbols
Common symbol       size              file

reactor_notifications
                    0x2               Debug/asx/src/reactor.o
react_on_sample     0x1               Debug/pressure_mon.o
react_accept_comms  0x1               Debug/protocol.o
_reactor            0x1               Debug/asx/src/digital_output.o
react_check_comms   0x1               Debug/protocol.o
slave               0x19              Debug/i2c_slave.o

Discarded input sections

 .data          0x00000000        0x0 C:/Program Files (x86)/Atmel/Studio/7.0/Packs/Atmel/ATtiny_DFP/2.0.368/gcc/dev/attiny1626/avrxmega3/crtattiny1626.o
 .bss           0x00000000        0x0 C:/Program Files (x86)/Atmel/Studio/7.0/Packs/Atmel/ATtiny_DFP/2.0.368/gcc/dev/attiny1626/avrxmega3/crtattiny1626.o
 .group         0x00000000        0x8 Debug/asx/src/alert.o
 .group         0x00000000        0x8 Debug/asx/src/alert.o
 .group         0x00000000        0x8 Debug/asx/src/alert.o
 .group         0x00000000        0x8 Debug/asx/src/alert.o
 .group         0x00000000        0x8 Debug/asx/src/alert.o
 .group         0x00000000        0x8 Debug/asx/src/alert.o
 .group         0x00000000        0x8 Debug/asx/src/alert.o
 .group         0x00000000        0x8 Debug/asx/src/alert.o
 .group         0x00000000        0x8 Debug/asx/src/alert.o
 .group         0x00000000        0x8 Debug/asx/src/alert.o
 .group         0x00000000        0x8 Debug/asx/src/alert.o
 .group         0x00000000        0x8 Debug/asx/src/alert.o
 .group         0x00000000        0x8 Debug/asx/src/alert.o
 .group         0x00000000        0x8 Debug/asx/src/alert.o
 .group         0x00000000        0x8 Debug/asx/src/alert.o
 .group         0x00000000        0x8 Debug/asx/src/alert.o
 .group         0x00000000        0x8 Debug/asx/src/alert.o
 .group         0x00000000        0x8 Debug/asx/src/alert.o
 .group         0x00000000        0x8 Debug/asx/src/alert.o
 .group         0x00000000        0x8 Debug/asx/src/alert.o
 .text          0x00000000        0x0 Debug/asx/src/alert.o
 .data          0x00000000        0x0 Debug/asx/src/alert.o
 .bss           0x00000000        0x0 Debug/asx/src/alert.o
 .text.alert_init
                0x00000000        0x2 Debug/asx/src/alert.o
 .group         0x00000000        0x8 Debug/asx/src/builtin.o
 .group         0x00000000        0x8 Debug/asx/src/builtin.o
 .group         0x00000000        0x8 Debug/asx/src/builtin.o
 .text          0x00000000        0x0 Debug/asx/src/builtin.o
 .data          0x00000000        0x0 Debug/asx/src/builtin.o
[...]
Memory Configuration

Name             Origin             Length             Attributes
text             0x00000000         0x00004000         xr
data             0x00803800         0x00000800         rw !x
eeprom           0x00810000         0x00000100         rw !x
fuse             0x00820000         0x0000000a         rw !x
lock             0x00830000         0x00000400         rw !x
signature        0x00840000         0x00000400         rw !x
user_signatures  0x00850000         0x00000400         rw !x
*default*        0x00000000         0xffffffff

Linker script and memory map

Address of section .data set to 0x803800
                0x00008000                __RODATA_PM_OFFSET__ = 0x8000
LOAD C:/Program Files (x86)/Atmel/Studio/7.0/Packs/Atmel/ATtiny_DFP/2.0.368/gcc/dev/attiny1626/avrxmega3/crtattiny1626.o
START GROUP
LOAD Debug/asx/src/alert.o
LOAD Debug/asx/src/builtin.o
LOAD Debug/asx/src/ccp.o
LOAD Debug/asx/src/_ccp.o
LOAD Debug/asx/src/digital_input.o
LOAD Debug/asx/src/digital_output.o
LOAD Debug/asx/src/mem.o
LOAD Debug/asx/src/queue.o
LOAD Debug/asx/src/reactor.o
LOAD Debug/asx/src/sysclk.o
LOAD Debug/asx/src/timer.o
LOAD Debug/asx/src/twis.o
LOAD Debug/board.o
LOAD Debug/protocol.o
LOAD Debug/i2c_slave.o
LOAD Debug/pressure_mon.o
LOAD Debug/main.o
END GROUP
START GROUP
LOAD c:/program files (x86)/atmel/studio/7.0/toolchain/avr8/avr8-gnu-toolchain/bin/../lib/gcc/avr/5.4.0/../../../../avr/lib/avrxmega3\libm.a
END GROUP
LOAD c:/program files (x86)/atmel/studio/7.0/toolchain/avr8/avr8-gnu-toolchain/bin/../lib/gcc/avr/5.4.0/avrxmega3\libgcc.a
LOAD c:/program files (x86)/atmel/studio/7.0/toolchain/avr8/avr8-gnu-toolchain/bin/../lib/gcc/avr/5.4.0/../../../../avr/lib/avrxmega3\libm.a
START GROUP
LOAD c:/program files (x86)/atmel/studio/7.0/toolchain/avr8/avr8-gnu-toolchain/bin/../lib/gcc/avr/5.4.0/avrxmega3\libgcc.a
LOAD c:/program files (x86)/atmel/studio/7.0/toolchain/avr8/avr8-gnu-toolchain/bin/../lib/gcc/avr/5.4.0/../../../../avr/lib/avrxmega3\libm.a
LOAD c:/program files (x86)/atmel/studio/7.0/toolchain/avr8/avr8-gnu-toolchain/bin/../lib/gcc/avr/5.4.0/../../../../avr/lib/avrxmega3\libc.a
LOAD C:/Program Files (x86)/Atmel/Studio/7.0/Packs/Atmel/ATtiny_DFP/2.0.368/gcc/dev/attiny1626/avrxmega3\libattiny1626.a
END GROUP
                [0x00000000]                __TEXT_REGION_ORIGIN__ = DEFINED (__TEXT_REGION_ORIGIN__)?__TEXT_REGION_ORIGIN__:0x0
                [0x00803800]                __DATA_REGION_ORIGIN__ = DEFINED (__DATA_REGION_ORIGIN__)?__DATA_REGION_ORIGIN__:0x802000
                [0x00004000]                __TEXT_REGION_LENGTH__ = DEFINED (__TEXT_REGION_LENGTH__)?__TEXT_REGION_LENGTH__:0x100000
                [0x00000800]                __DATA_REGION_LENGTH__ = DEFINED (__DATA_REGION_LENGTH__)?__DATA_REGION_LENGTH__:0xffa0
                [0x00000100]                __EEPROM_REGION_LENGTH__ = DEFINED (__EEPROM_REGION_LENGTH__)?__EEPROM_REGION_LENGTH__:0x10000
                [0x0000000a]                __FUSE_REGION_LENGTH__ = DEFINED (__FUSE_REGION_LENGTH__)?__FUSE_REGION_LENGTH__:0x400
                0x00000400                __LOCK_REGION_LENGTH__ = DEFINED (__LOCK_REGION_LENGTH__)?__LOCK_REGION_LENGTH__:0x400
                0x00000400                __SIGNATURE_REGION_LENGTH__ = DEFINED (__SIGNATURE_REGION_LENGTH__)?__SIGNATURE_REGION_LENGTH__:0x400
                0x00000400                __USER_SIGNATURE_REGION_LENGTH__ = DEFINED (__USER_SIGNATURE_REGION_LENGTH__)?__USER_SIGNATURE_REGION_LENGTH__:0x400
                0x00008000                __RODATA_PM_OFFSET__ = DEFINED (__RODATA_PM_OFFSET__)?__RODATA_PM_OFFSET__:0x8000

.hash
 *(.hash)

.dynsym
 *(.dynsym)

.dynstr
 *(.dynstr)

.gnu.version
 *(.gnu.version)

.gnu.version_d
 *(.gnu.version_d)

.gnu.version_r
 *(.gnu.version_r)

.rel.init
 *(.rel.init)

.rela.init
 *(.rela.init)

.rel.text
 *(.rel.text)
 *(.rel.text.*)
 *(.rel.gnu.linkonce.t*)

.rela.text
 *(.rela.text)
 *(.rela.text.*)
 *(.rela.gnu.linkonce.t*)

.rel.fini
 *(.rel.fini)

.rela.fini
 *(.rela.fini)

.rel.rodata
 *(.rel.rodata)
 *(.rel.rodata.*)
 *(.rel.gnu.linkonce.r*)

.rela.rodata
 *(.rela.rodata)
 *(.rela.rodata.*)
 *(.rela.gnu.linkonce.r*)

.rel.data
 *(.rel.data)
 *(.rel.data.*)
 *(.rel.gnu.linkonce.d*)

.rela.data
 *(.rela.data)
 *(.rela.data.*)
 *(.rela.gnu.linkonce.d*)

.rel.ctors
 *(.rel.ctors)

.rela.ctors
 *(.rela.ctors)

.rel.dtors
 *(.rel.dtors)

.rela.dtors
 *(.rela.dtors)

.rel.got
 *(.rel.got)

.rela.got
 *(.rela.got)

.rel.bss
 *(.rel.bss)

.rela.bss
 *(.rela.bss)

.rel.plt
 *(.rel.plt)

.rela.plt
 *(.rela.plt)

.text           0x00000000     0x136e
 *(.vectors)
 .vectors       0x00000000       0x78 C:/Program Files (x86)/Atmel/Studio/7.0/Packs/Atmel/ATtiny_DFP/2.0.368/gcc/dev/attiny1626/avrxmega3/crtattiny1626.o
                0x00000000                __vector_default
                0x00000000                __vectors
 *(.vectors)
 *(.progmem.gcc*)
                0x00000078                . = ALIGN (0x2)
                0x00000078                __trampolines_start = .
 *(.trampolines)
 .trampolines   0x00000078        0x0 linker stubs
 *(.trampolines*)
                0x00000078                __trampolines_end = .
 *libprintf_flt.a:*(.progmem.data)
 *libc.a:*(.progmem.data)
 *(.progmem*)
                0x00000078                . = ALIGN (0x2)
 *(.jumptables)
 *(.jumptables*)
 *(.lowtext)
 *(.lowtext*)
                0x00000078                __ctors_start = .
 *(.ctors)
                0x00000078                __ctors_end = .
                0x00000078                __dtors_start = .
 *(.dtors)
                0x00000078                __dtors_end = .
 SORT(*)(.ctors)
 SORT(*)(.dtors)
 *(.init0)
 .init0         0x00000078        0x0 C:/Program Files (x86)/Atmel/Studio/7.0/Packs/Atmel/ATtiny_DFP/2.0.368/gcc/dev/attiny1626/avrxmega3/crtattiny1626.o
                0x00000078                __init
 *(.init0)
 *(.init1)
 *(.init1)
 *(.init2)
 .init2         0x00000078        0xc C:/Program Files (x86)/Atmel/Studio/7.0/Packs/Atmel/ATtiny_DFP/2.0.368/gcc/dev/attiny1626/avrxmega3/crtattiny1626.o
 *(.init2)
 *(.init3)
 *(.init3)
 *(.init4)
 .init4         0x00000084       0x16 c:/program files (x86)/atmel/studio/7.0/toolchain/avr8/avr8-gnu-toolchain/bin/../lib/gcc/avr/5.4.0/avrxmega3\libgcc.a(_copy_data.o)
                0x00000084                __do_copy_data
 .init4         0x0000009a       0x10 c:/program files (x86)/atmel/studio/7.0/toolchain/avr8/avr8-gnu-toolchain/bin/../lib/gcc/avr/5.4.0/avrxmega3\libgcc.a(_clear_bss.o)
                0x0000009a                __do_clear_bss
 *(.init4)
 *(.init5)
 *(.init5)
 *(.init6)
 *(.init6)
 *(.init7)
 *(.init7)
 *(.init8)
 *(.init8)
 *(.init9)
 .init9         0x000000aa        0x8 C:/Program Files (x86)/Atmel/Studio/7.0/Packs/Atmel/ATtiny_DFP/2.0.368/gcc/dev/attiny1626/avrxmega3/crtattiny1626.o
 *(.init9)
 *(.text)
 .text          0x000000b2        0x4 C:/Program Files (x86)/Atmel/Studio/7.0/Packs/Atmel/ATtiny_DFP/2.0.368/gcc/dev/attiny1626/avrxmega3/crtattiny1626.o
                0x000000b2                __vector_22
                0x000000b2                __vector_28
                0x000000b2                __vector_1
                0x000000b2                __vector_24
                0x000000b2                __vector_12
                0x000000b2                __bad_interrupt
                0x000000b2                __vector_3
                0x000000b2                __vector_23
                0x000000b2                __vector_11
                0x000000b2                __vector_13
                0x000000b2                __vector_17
                0x000000b2                __vector_19
                0x000000b2                __vector_27
                0x000000b2                __vector_5
                0x000000b2                __vector_4
                0x000000b2                __vector_9
                0x000000b2                __vector_2
                0x000000b2                __vector_21
                0x000000b2                __vector_15
                0x000000b2                __vector_29
                0x000000b2                __vector_8
                0x000000b2                __vector_26
                0x000000b2                __vector_10
                0x000000b2                __vector_16
                0x000000b2                __vector_18
                0x000000b2                __vector_20
                0x000000b6                . = ALIGN (0x2)
 *(.text.*)
 .text.alert_record
                0x000000b6        0x6 Debug/asx/src/alert.o
                0x000000b6                alert_record
 .text._digital_input_ack
                0x000000bc       0x2c Debug/asx/src/digital_input.o
 .text._handle_pin_change_isr
                0x000000e8       0xfa Debug/asx/src/digital_input.o
 .text.__vector_6
                0x000001e2       0x4e Debug/asx/src/digital_input.o
                0x000001e2                __vector_6
 .text.__vector_7
                0x00000230       0x4e Debug/asx/src/digital_input.o
                0x00000230                __vector_7
 .text.mem_calloc
                0x0000027e       0x64 Debug/asx/src/mem.o
                0x0000027e                mem_calloc
 .text.queue_init
                0x000002e2       0x44 Debug/asx/src/queue.o
                0x000002e2                queue_init
 .text.queue_is_empty
                0x00000326       0x18 Debug/asx/src/queue.o
                0x00000326                queue_is_empty
 .text.queue_leftpop
                0x0000033e       0x54 Debug/asx/src/queue.o
                0x0000033e                queue_leftpop
 .text.queue_ringpush
                0x00000392       0x60 Debug/asx/src/queue.o
                0x00000392                queue_ringpush
 .text.compare_prio
                0x000003f2       0x22 Debug/asx/src/reactor.o
 .text.reactor_init
                0x00000414       0x28 Debug/asx/src/reactor.o
                0x00000414                reactor_init
 .text.reactor_register
                0x0000043c       0x70 Debug/asx/src/reactor.o
                0x0000043c                reactor_register
 .text.reactor_notify
                0x000004ac       0x34 Debug/asx/src/reactor.o
                0x000004ac                reactor_notify
 .text.reactor_run
                0x000004e0      0x1e6 Debug/asx/src/reactor.o
                0x000004e0                reactor_run
 .text.timer_get_count
                0x000006c6       0x12 Debug/asx/src/timer.o
                0x000006c6                timer_get_count
 .text.timer_get_count_from_now
                0x000006d8       0x22 Debug/asx/src/timer.o
                0x000006d8                timer_get_count_from_now
 .text.timer_arm
                0x000006fa      0x1aa Debug/asx/src/timer.o
                0x000006fa                timer_arm
 .text.__vector_25
                0x000008a4       0x80 Debug/asx/src/timer.o
                0x000008a4                __vector_25
 .text.TWI_SlaveInitializeDriver
                0x00000924       0x16 Debug/asx/src/twis.o
                0x00000924                TWI_SlaveInitializeDriver
 .text.TWI_SlaveInitializeModule
                0x0000093a       0x16 Debug/asx/src/twis.o
                0x0000093a                TWI_SlaveInitializeModule
 .text.TWI_SlaveTransactionFinished
                0x00000950        0x8 Debug/asx/src/twis.o
                0x00000950                TWI_SlaveTransactionFinished
 .text.TWI_SlaveAddressMatchHandler
                0x00000958       0x4e Debug/asx/src/twis.o
                0x00000958                TWI_SlaveAddressMatchHandler
 .text.TWI_SlaveStopHandler
                0x000009a6       0x20 Debug/asx/src/twis.o
                0x000009a6                TWI_SlaveStopHandler
 .text.TWI_SlaveReadHandler
                0x000009c6       0x6c Debug/asx/src/twis.o
                0x000009c6                TWI_SlaveReadHandler
 .text.TWI_SlaveWriteHandler
                0x00000a32       0x66 Debug/asx/src/twis.o
                0x00000a32                TWI_SlaveWriteHandler
 .text.TWI_SlaveDataHandler
                0x00000a98       0x18 Debug/asx/src/twis.o
                0x00000a98                TWI_SlaveDataHandler
 .text.TWI_SlaveInterruptHandler
                0x00000ab0       0x58 Debug/asx/src/twis.o
                0x00000ab0                TWI_SlaveInterruptHandler
 .text.board_init
                0x00000b08       0x3e Debug/board.o
                0x00000b08                board_init
 .text._on_accept_command_again
                0x00000b46        0x8 Debug/protocol.o
                0x00000b46                _on_accept_command_again
 .text.protocol_process
                0x00000b4e      0x158 Debug/protocol.o
                0x00000b4e                protocol_process
 .text._on_check_comms
                0x00000ca6       0x4e Debug/protocol.o
 .text.protocol_init
                0x00000cf4       0x54 Debug/protocol.o
                0x00000cf4                protocol_init
 .text.slave_process
                0x00000d48       0x3a Debug/i2c_slave.o
 .text.__vector_14
                0x00000d82       0x4c Debug/i2c_slave.o
                0x00000d82                __vector_14
 .text.i2c_slave_init
                0x00000dce       0x1c Debug/i2c_slave.o
                0x00000dce                i2c_slave_init
 .text._on_time_to_sample
                0x00000dea       0x80 Debug/pressure_mon.o
 .text.pressure_mon_init
                0x00000e6a       0x52 Debug/pressure_mon.o
                0x00000e6a                pressure_mon_init
 .text.pressure_mon_get_status
                0x00000ebc        0x6 Debug/pressure_mon.o
                0x00000ebc                pressure_mon_get_status
 .text.main     0x00000ec2       0x1e Debug/main.o
                0x00000ec2                main
 .text.libgcc.div
                0x00000ee0       0x28 c:/program files (x86)/atmel/studio/7.0/toolchain/avr8/avr8-gnu-toolchain/bin/../lib/gcc/avr/5.4.0/avrxmega3\libgcc.a(_divmodhi4.o)
                0x00000ee0                _div
                0x00000ee0                __divmodhi4
 .text.libgcc.div
                0x00000f08       0x28 c:/program files (x86)/atmel/studio/7.0/toolchain/avr8/avr8-gnu-toolchain/bin/../lib/gcc/avr/5.4.0/avrxmega3\libgcc.a(_udivmodhi4.o)
                0x00000f08                __udivmodhi4
 .text.avr-libc
                0x00000f30      0x3ca c:/program files (x86)/atmel/studio/7.0/toolchain/avr8/avr8-gnu-toolchain/bin/../lib/gcc/avr/5.4.0/../../../../avr/lib/avrxmega3\libc.a(qsort.o)
                0x00000fb2                qsort
 .text.avr-libc
                0x000012fa        0xe c:/program files (x86)/atmel/studio/7.0/toolchain/avr8/avr8-gnu-toolchain/bin/../lib/gcc/avr/5.4.0/../../../../avr/lib/avrxmega3\libc.a(memset.o)
                0x000012fa                memset
 .text.libgcc.prologue
                0x00001308       0x32 c:/program files (x86)/atmel/studio/7.0/toolchain/avr8/avr8-gnu-toolchain/bin/../lib/gcc/avr/5.4.0/avrxmega3\libgcc.a(_prologue.o)
                0x00001308                __prologue_saves__
 .text.libgcc.prologue
                0x0000133a       0x30 c:/program files (x86)/atmel/studio/7.0/toolchain/avr8/avr8-gnu-toolchain/bin/../lib/gcc/avr/5.4.0/avrxmega3\libgcc.a(_epilogue.o)
                0x0000133a                __epilogue_restores__
                0x0000136a                . = ALIGN (0x2)
 *(.fini9)
 .fini9         0x0000136a        0x0 c:/program files (x86)/atmel/studio/7.0/toolchain/avr8/avr8-gnu-toolchain/bin/../lib/gcc/avr/5.4.0/avrxmega3\libgcc.a(_exit.o)
                0x0000136a                _exit
                0x0000136a                exit
 *(.fini9)
 *(.fini8)
 *(.fini8)
 *(.fini7)
 *(.fini7)
 *(.fini6)
 *(.fini6)
 *(.fini5)
 *(.fini5)
 *(.fini4)
 *(.fini4)
 *(.fini3)
 *(.fini3)
 *(.fini2)
 *(.fini2)
 *(.fini1)
 *(.fini1)
 *(.fini0)
 .fini0         0x0000136a        0x4 c:/program files (x86)/atmel/studio/7.0/toolchain/avr8/avr8-gnu-toolchain/bin/../lib/gcc/avr/5.4.0/avrxmega3\libgcc.a(_exit.o)
 *(.fini0)
                0x0000136e                _etext = .

.rodata         0x0000936e       0x39 load address 0x0000136e
 *(.rodata)
 *(.rodata*)
 .rodata.str1.1
                0x0000936e       0x11 Debug/asx/src/mem.o
 .rodata.str1.1
                0x0000937f       0x15 Debug/asx/src/reactor.o
 .rodata.str1.1
                0x00009394       0x13 Debug/asx/src/timer.o
 *(.gnu.linkonce.r*)

.data           0x00803800        0xa load address 0x000013a7
                0x00803800                PROVIDE (__data_start, .)
 *(.data)
 *(.data*)
 .data._digital_input_next_direct_entry
                0x00803800        0x1 Debug/asx/src/digital_input.o
 .data._heap_allocation_next_block
                0x00803801        0x2 Debug/asx/src/mem.o
 .data._timer_current_instance
                0x00803803        0x4 Debug/asx/src/timer.o
 .data.ready_to_accept_new_command
                0x00803807        0x1 Debug/protocol.o
                0x00803807                ready_to_accept_new_command
 .data.current  0x00803808        0x1 Debug/protocol.o
 *(.gnu.linkonce.d*)
                0x0080380a                . = ALIGN (0x2)
 *fill*         0x00803809        0x1 
                0x0080380a                _edata = .
                0x0080380a                PROVIDE (__data_end, .)

.bss            0x0080380a      0x218
                0x0080380a                PROVIDE (__bss_start, .)
 *(.bss)
 *(.bss*)
 .bss._digital_input
                0x0080380a       0x38 Debug/asx/src/digital_input.o
 .bss.reactor_lock
                0x00803842        0x1 Debug/asx/src/reactor.o
                0x00803842                reactor_lock
 .bss._handlers
                0x00803843       0xb0 Debug/asx/src/reactor.o
 .bss._next_handle
                0x008038f3        0x1 Debug/asx/src/reactor.o
 .bss._handle_lookup
                0x008038f4       0x10 Debug/asx/src/reactor.o
 .bss._timer_reactor_handle
                0x00803904        0x1 Debug/asx/src/timer.o
 .bss._timer_slot_avail
                0x00803905        0x1 Debug/asx/src/timer.o
 .bss._timer_slot_active
                0x00803906        0x1 Debug/asx/src/timer.o
 .bss._timer_free_running_ms_counter
                0x00803907        0x4 Debug/asx/src/timer.o
 .bss._timer_future_sorted_list
                0x0080390b       0xf0 Debug/asx/src/timer.o
 .bss.previous_pin.4114
                0x008039fb        0x1 Debug/protocol.o
 .bss.message_received_counter
                0x008039fc        0x2 Debug/protocol.o
                0x008039fc                message_received_counter
 .bss.current_filtered_state
                0x008039fe        0x1 Debug/pressure_mon.o
                0x008039fe                current_filtered_state
 .bss.timer_count
                0x008039ff        0x4 Debug/pressure_mon.o
                0x008039ff                timer_count
 .bss.filter_level
                0x00803a03        0x1 Debug/pressure_mon.o
 *(COMMON)
 COMMON         0x00803a04        0x2 Debug/asx/src/reactor.o
                0x00803a04                reactor_notifications
 COMMON         0x00803a06        0x2 Debug/protocol.o
                0x00803a06                react_accept_comms
                0x00803a07                react_check_comms
 COMMON         0x00803a08       0x19 Debug/i2c_slave.o
                0x00803a08                slave
 COMMON         0x00803a21        0x1 Debug/pressure_mon.o
                0x00803a21                react_on_sample
                0x00803a22                PROVIDE (__bss_end, .)
                0x000013a7                __data_load_start = LOADADDR (.data)
                0x000013b1                __data_load_end = (__data_load_start + SIZEOF (.data))

.noinit         0x00803a22        0x0
                [!provide]                PROVIDE (__noinit_start, .)
 *(.noinit*)
                [!provide]                PROVIDE (__noinit_end, .)
                0x00803a22                _end = .
                0x00803a22                PROVIDE (__heap_start, .)

.eeprom         0x00810000        0x0
 *(.eeprom*)
                0x00810000                __eeprom_end = .

.fuse
 *(.fuse)
 *(.lfuse)
 *(.hfuse)
 *(.efuse)

.lock
 *(.lock*)

.signature
 *(.signature*)

.user_signatures
 *(.user_signatures*)

.stab
 *(.stab)

.stabstr
 *(.stabstr)

.stab.excl
 *(.stab.excl)

.stab.exclstr
 *(.stab.exclstr)

.stab.index
 *(.stab.index)

.stab.indexstr
 *(.stab.indexstr)

.comment        0x00000000       0x30
 *(.comment)
 .comment       0x00000000       0x30 Debug/asx/src/alert.o
                                 0x31 (size before relaxing)
 .comment       0x00000030       0x31 Debug/asx/src/digital_input.o
 .comment       0x00000030       0x31 Debug/asx/src/mem.o
 .comment       0x00000030       0x31 Debug/asx/src/queue.o
 .comment       0x00000030       0x31 Debug/asx/src/reactor.o
 .comment       0x00000030       0x31 Debug/asx/src/timer.o
 .comment       0x00000030       0x31 Debug/asx/src/twis.o
 .comment       0x00000030       0x31 Debug/board.o
 .comment       0x00000030       0x31 Debug/protocol.o
 .comment       0x00000030       0x31 Debug/i2c_slave.o
 .comment       0x00000030       0x31 Debug/pressure_mon.o
 .comment       0x00000030       0x31 Debug/main.o
 .comment       0x00000030       0x31 c:/program files (x86)/atmel/studio/7.0/toolchain/avr8/avr8-gnu-toolchain/bin/../lib/gcc/avr/5.4.0/../../../../avr/lib/avrxmega3\libc.a(qsort.o)

.note.gnu.avr.deviceinfo
                0x00000000       0x40
 .note.gnu.avr.deviceinfo
                0x00000000       0x40 C:/Program Files (x86)/Atmel/Studio/7.0/Packs/Atmel/ATtiny_DFP/2.0.368/gcc/dev/attiny1626/avrxmega3/crtattiny1626.o

.note.gnu.build-id
 *(.note.gnu.build-id)

.debug
 *(.debug)

.line
 *(.line)

.debug_srcinfo
 *(.debug_srcinfo)

.debug_sfnames
 *(.debug_sfnames)

.debug_aranges  0x00000000      0x2b8
 *(.debug_aranges)
 .debug_aranges
                0x00000000       0x28 Debug/asx/src/alert.o
 .debug_aranges
                0x00000028       0x50 Debug/asx/src/digital_input.o
 .debug_aranges
                0x00000078       0x20 Debug/asx/src/mem.o
 .debug_aranges
                0x00000098       0x50 Debug/asx/src/queue.o
 .debug_aranges
                0x000000e8       0x40 Debug/asx/src/reactor.o
 .debug_aranges
                0x00000128       0x58 Debug/asx/src/timer.o
 .debug_aranges
                0x00000180       0x60 Debug/asx/src/twis.o
 .debug_aranges
                0x000001e0       0x20 Debug/board.o
 .debug_aranges
                0x00000200       0x38 Debug/protocol.o
 .debug_aranges
                0x00000238       0x30 Debug/i2c_slave.o
 .debug_aranges
                0x00000268       0x30 Debug/pressure_mon.o
 .debug_aranges
                0x00000298       0x20 Debug/main.o

.debug_pubnames
 *(.debug_pubnames)

.debug_info     0x00000000     0x619f
 *(.debug_info .gnu.linkonce.wi.*)
 .debug_info    0x00000000     0x1b97 C:/Program Files (x86)/Atmel/Studio/7.0/Packs/Atmel/ATtiny_DFP/2.0.368/gcc/dev/attiny1626/avrxmega3/crtattiny1626.o
 .debug_info    0x00001b97       0xe8 Debug/asx/src/alert.o
 .debug_info    0x00001c7f      0xcfb Debug/asx/src/digital_input.o
 .debug_info    0x0000297a      0x17d Debug/asx/src/mem.o
 .debug_info    0x00002af7      0x2fc Debug/asx/src/queue.o
 .debug_info    0x00002df3      0x5f2 Debug/asx/src/reactor.o
 .debug_info    0x000033e5      0x90b Debug/asx/src/timer.o
 .debug_info    0x00003cf0      0x63a Debug/asx/src/twis.o
 .debug_info    0x0000432a      0x885 Debug/board.o
 .debug_info    0x00004baf      0xa12 Debug/protocol.o
 .debug_info    0x000055c1      0x522 Debug/i2c_slave.o
 .debug_info    0x00005ae3      0x597 Debug/pressure_mon.o
 .debug_info    0x0000607a      0x125 Debug/main.o

.debug_abbrev   0x00000000     0x2f86
 *(.debug_abbrev)
 .debug_abbrev  0x00000000     0x1a20 C:/Program Files (x86)/Atmel/Studio/7.0/Packs/Atmel/ATtiny_DFP/2.0.368/gcc/dev/attiny1626/avrxmega3/crtattiny1626.o
 .debug_abbrev  0x00001a20       0x80 Debug/asx/src/alert.o
 .debug_abbrev  0x00001aa0      0x35b Debug/asx/src/digital_input.o
 .debug_abbrev  0x00001dfb       0xea Debug/asx/src/mem.o
 .debug_abbrev  0x00001ee5       0xec Debug/asx/src/queue.o
 .debug_abbrev  0x00001fd1      0x277 Debug/asx/src/reactor.o
 .debug_abbrev  0x00002248      0x2fa Debug/asx/src/timer.o
 .debug_abbrev  0x00002542      0x21a Debug/asx/src/twis.o
 .debug_abbrev  0x0000275c      0x188 Debug/board.o
 .debug_abbrev  0x000028e4      0x278 Debug/protocol.o
 .debug_abbrev  0x00002b5c      0x1c7 Debug/i2c_slave.o
 .debug_abbrev  0x00002d23      0x1fb Debug/pressure_mon.o
 .debug_abbrev  0x00002f1e       0x68 Debug/main.o

.debug_line     0x00000000     0x3791
 *(.debug_line .debug_line.* .debug_line_end)
 .debug_line    0x00000000      0x14b C:/Program Files (x86)/Atmel/Studio/7.0/Packs/Atmel/ATtiny_DFP/2.0.368/gcc/dev/attiny1626/avrxmega3/crtattiny1626.o
 .debug_line    0x0000014b      0x2a1 Debug/asx/src/alert.o
 .debug_line    0x000003ec      0x6f3 Debug/asx/src/digital_input.o
 .debug_line    0x00000adf      0x2b6 Debug/asx/src/mem.o
 .debug_line    0x00000d95      0x34b Debug/asx/src/queue.o
 .debug_line    0x000010e0      0x4cb Debug/asx/src/reactor.o
 .debug_line    0x000015ab      0x64f Debug/asx/src/timer.o
 .debug_line    0x00001bfa      0x5d4 Debug/asx/src/twis.o
 .debug_line    0x000021ce      0x3bf Debug/board.o
 .debug_line    0x0000258d      0x56a Debug/protocol.o
 .debug_line    0x00002af7      0x458 Debug/i2c_slave.o
 .debug_line    0x00002f4f      0x453 Debug/pressure_mon.o
 .debug_line    0x000033a2      0x3ef Debug/main.o

.debug_frame    0x00000000      0x798
 *(.debug_frame)
 .debug_frame   0x00000000       0x34 Debug/asx/src/alert.o
 .debug_frame   0x00000034      0x1a8 Debug/asx/src/digital_input.o
 .debug_frame   0x000001dc       0x38 Debug/asx/src/mem.o
 .debug_frame   0x00000214       0xb0 Debug/asx/src/queue.o
 .debug_frame   0x000002c4       0x88 Debug/asx/src/reactor.o
 .debug_frame   0x0000034c      0x1b0 Debug/asx/src/timer.o
 .debug_frame   0x000004fc       0xbc Debug/asx/src/twis.o
 .debug_frame   0x000005b8       0x24 Debug/board.o
 .debug_frame   0x000005dc       0x98 Debug/protocol.o
 .debug_frame   0x00000674       0x94 Debug/i2c_slave.o
 .debug_frame   0x00000708       0x6c Debug/pressure_mon.o
 .debug_frame   0x00000774       0x24 Debug/main.o

.debug_str      0x00000000    0x1b659
 *(.debug_str)
 .debug_str     0x00000000      0xbdd C:/Program Files (x86)/Atmel/Studio/7.0/Packs/Atmel/ATtiny_DFP/2.0.368/gcc/dev/attiny1626/avrxmega3/crtattiny1626.o
 .debug_str     0x00000bdd    0x117db Debug/asx/src/alert.o
                              0x11b08 (size before relaxing)
 .debug_str     0x000123b8     0x7b32 Debug/asx/src/digital_input.o
                              0x19361 (size before relaxing)
 .debug_str     0x00019eea       0xc8 Debug/asx/src/mem.o
                              0x11800 (size before relaxing)
 .debug_str     0x00019fb2       0xa2 Debug/asx/src/queue.o
                               0x389f (size before relaxing)
 .debug_str     0x0001a054      0x67d Debug/asx/src/reactor.o
                              0x12716 (size before relaxing)
 .debug_str     0x0001a6d1      0x588 Debug/asx/src/timer.o
                              0x1952e (size before relaxing)
 .debug_str     0x0001ac59      0x391 Debug/asx/src/twis.o
                              0x189e7 (size before relaxing)
 .debug_str     0x0001afea       0x79 Debug/board.o
                              0x18ab3 (size before relaxing)
 .debug_str     0x0001b063      0x2fc Debug/protocol.o
                              0x1932a (size before relaxing)
 .debug_str     0x0001b35f      0x230 Debug/i2c_slave.o
                              0x18def (size before relaxing)
 .debug_str     0x0001b58f       0xb0 Debug/pressure_mon.o
                              0x191e8 (size before relaxing)
 .debug_str     0x0001b63f       0x1a Debug/main.o
                              0x18a26 (size before relaxing)

.debug_loc      0x00000000     0x224c
 *(.debug_loc)
 .debug_loc     0x00000000      0x721 Debug/asx/src/digital_input.o
 .debug_loc     0x00000721      0x139 Debug/asx/src/mem.o
 .debug_loc     0x0000085a      0x487 Debug/asx/src/queue.o
 .debug_loc     0x00000ce1      0x352 Debug/asx/src/reactor.o
 .debug_loc     0x00001033      0x66f Debug/asx/src/timer.o
 .debug_loc     0x000016a2      0x359 Debug/asx/src/twis.o
 .debug_loc     0x000019fb      0x21c Debug/board.o
 .debug_loc     0x00001c17      0x3f8 Debug/protocol.o
 .debug_loc     0x0000200f      0x171 Debug/i2c_slave.o
 .debug_loc     0x00002180       0xcc Debug/pressure_mon.o

.debug_macinfo
 *(.debug_macinfo)

.debug_weaknames
 *(.debug_weaknames)

.debug_funcnames
 *(.debug_funcnames)

.debug_typenames
 *(.debug_typenames)

.debug_varnames
 *(.debug_varnames)

.debug_pubtypes
 *(.debug_pubtypes)

.debug_ranges   0x00000000      0x228
 *(.debug_ranges)
 .debug_ranges  0x00000000       0x18 Debug/asx/src/alert.o
 .debug_ranges  0x00000018       0x58 Debug/asx/src/digital_input.o
 .debug_ranges  0x00000070       0x10 Debug/asx/src/mem.o
 .debug_ranges  0x00000080       0x40 Debug/asx/src/queue.o
 .debug_ranges  0x000000c0       0x48 Debug/asx/src/reactor.o
 .debug_ranges  0x00000108       0x48 Debug/asx/src/timer.o
 .debug_ranges  0x00000150       0x50 Debug/asx/src/twis.o
 .debug_ranges  0x000001a0       0x10 Debug/board.o
 .debug_ranges  0x000001b0       0x28 Debug/protocol.o
 .debug_ranges  0x000001d8       0x20 Debug/i2c_slave.o
 .debug_ranges  0x000001f8       0x20 Debug/pressure_mon.o
 .debug_ranges  0x00000218       0x10 Debug/main.o

.debug_macro    0x00000000     0x75c9
 *(.debug_macro)
 .debug_macro   0x00000000       0xe3 Debug/asx/src/alert.o
 .debug_macro   0x000000e3      0xa54 Debug/asx/src/alert.o
 .debug_macro   0x00000b37       0x10 Debug/asx/src/alert.o
 .debug_macro   0x00000b47      0x1c9 Debug/asx/src/alert.o
 .debug_macro   0x00000d10      0x2fc Debug/asx/src/alert.o
 .debug_macro   0x0000100c       0x9e Debug/asx/src/alert.o
 .debug_macro   0x000010aa       0x19 Debug/asx/src/alert.o
 .debug_macro   0x000010c3     0x3cdf Debug/asx/src/alert.o
 .debug_macro   0x00004da2       0x9a Debug/asx/src/alert.o
 .debug_macro   0x00004e3c       0xa5 Debug/asx/src/alert.o
 .debug_macro   0x00004ee1       0x34 Debug/asx/src/alert.o
 .debug_macro   0x00004f15       0x16 Debug/asx/src/alert.o
 .debug_macro   0x00004f2b       0x18 Debug/asx/src/alert.o
 .debug_macro   0x00004f43       0x34 Debug/asx/src/alert.o
 .debug_macro   0x00004f77       0x62 Debug/asx/src/alert.o
 .debug_macro   0x00004fd9       0x1c Debug/asx/src/alert.o
 .debug_macro   0x00004ff5      0x10e Debug/asx/src/alert.o
 .debug_macro   0x00005103       0x66 Debug/asx/src/alert.o
 .debug_macro   0x00005169       0x16 Debug/asx/src/alert.o
 .debug_macro   0x0000517f       0x22 Debug/asx/src/alert.o
 .debug_macro   0x000051a1       0x16 Debug/asx/src/alert.o
 .debug_macro   0x000051b7      0x1da Debug/asx/src/digital_input.o
 .debug_macro   0x00005391       0x69 Debug/asx/src/digital_input.o
 .debug_macro   0x000053fa       0x10 Debug/asx/src/digital_input.o
 .debug_macro   0x0000540a      0x174 Debug/asx/src/digital_input.o
 .debug_macro   0x0000557e       0x35 Debug/asx/src/digital_input.o
 .debug_macro   0x000055b3       0x96 Debug/asx/src/digital_input.o
 .debug_macro   0x00005649       0x17 Debug/asx/src/digital_input.o
 .debug_macro   0x00005660      0x250 Debug/asx/src/digital_input.o
 .debug_macro   0x000058b0       0x76 Debug/asx/src/digital_input.o
 .debug_macro   0x00005926       0x16 Debug/asx/src/digital_input.o
 .debug_macro   0x0000593c      0x6d9 Debug/asx/src/digital_input.o
 .debug_macro   0x00006015       0x10 Debug/asx/src/digital_input.o
 .debug_macro   0x00006025       0xe2 Debug/asx/src/digital_input.o
 .debug_macro   0x00006107       0x40 Debug/asx/src/digital_input.o
 .debug_macro   0x00006147       0x1c Debug/asx/src/digital_input.o
 .debug_macro   0x00006163       0xe4 Debug/asx/src/digital_input.o
 .debug_macro   0x00006247       0x34 Debug/asx/src/digital_input.o
 .debug_macro   0x0000627b       0x16 Debug/asx/src/digital_input.o
 .debug_macro   0x00006291       0x28 Debug/asx/src/digital_input.o
 .debug_macro   0x000062b9       0xe2 Debug/asx/src/mem.o
 .debug_macro   0x0000639b       0x97 Debug/asx/src/mem.o
 .debug_macro   0x00006432       0x16 Debug/asx/src/mem.o
 .debug_macro   0x00006448       0x97 Debug/asx/src/mem.o
 .debug_macro   0x000064df       0x5a Debug/asx/src/mem.o
 .debug_macro   0x00006539       0x6f Debug/asx/src/queue.o
 .debug_macro   0x000065a8      0x130 Debug/asx/src/reactor.o
 .debug_macro   0x000066d8       0x42 Debug/asx/src/reactor.o
 .debug_macro   0x0000671a       0x1c Debug/asx/src/reactor.o
 .debug_macro   0x00006736       0x64 Debug/asx/src/reactor.o
 .debug_macro   0x0000679a       0x1c Debug/asx/src/reactor.o
 .debug_macro   0x000067b6       0x20 Debug/asx/src/reactor.o
 .debug_macro   0x000067d6      0x1e6 Debug/asx/src/timer.o
 .debug_macro   0x000069bc       0xfd Debug/asx/src/timer.o
 .debug_macro   0x00006ab9      0x178 Debug/asx/src/twis.o
 .debug_macro   0x00006c31       0x22 Debug/asx/src/twis.o
 .debug_macro   0x00006c53      0x177 Debug/board.o
 .debug_macro   0x00006dca      0x1e0 Debug/protocol.o
 .debug_macro   0x00006faa       0x63 Debug/protocol.o
 .debug_macro   0x0000700d       0x2e Debug/protocol.o
 .debug_macro   0x0000703b      0x1db Debug/i2c_slave.o
 .debug_macro   0x00007216       0x16 Debug/i2c_slave.o
 .debug_macro   0x0000722c      0x1db Debug/pressure_mon.o
 .debug_macro   0x00007407      0x1c2 Debug/main.o
OUTPUT(Debug/controller.elf elf32-avr)
LOAD linker stubs
