Archive member included to satisfy reference by file (symbol)

c:/program files (x86)/atmel/studio/7.0/toolchain/avr8/avr8-gnu-toolchain/bin/../lib/gcc/avr/5.4.0/avrxmega3/short-calls\libgcc.a(_divmodhi4.o)
                              Debug/asx/src/queue.o (__divmodhi4)
c:/program files (x86)/atmel/studio/7.0/toolchain/avr8/avr8-gnu-toolchain/bin/../lib/gcc/avr/5.4.0/avrxmega3/short-calls\libgcc.a(_exit.o)
                              C:/Program Files (x86)/Atmel/Studio/7.0/Packs/Atmel/ATtiny_DFP/2.0.368/gcc/dev/attiny824/avrxmega3/short-calls/crtattiny824.o (exit)
c:/program files (x86)/atmel/studio/7.0/toolchain/avr8/avr8-gnu-toolchain/bin/../lib/gcc/avr/5.4.0/avrxmega3/short-calls\libgcc.a(_copy_data.o)
                              Debug/asx/src/mem.o (__do_copy_data)
c:/program files (x86)/atmel/studio/7.0/toolchain/avr8/avr8-gnu-toolchain/bin/../lib/gcc/avr/5.4.0/avrxmega3/short-calls\libgcc.a(_clear_bss.o)
                              Debug/asx/src/digital_input.o (__do_clear_bss)
c:/program files (x86)/atmel/studio/7.0/toolchain/avr8/avr8-gnu-toolchain/bin/../lib/gcc/avr/5.4.0/avrxmega3/short-calls\libgcc.a(_umulsidi3.o)
                              Debug/asx/src/digital_input.o (__umulsidi3)
c:/program files (x86)/atmel/studio/7.0/toolchain/avr8/avr8-gnu-toolchain/bin/../lib/gcc/avr/5.4.0/avrxmega3/short-calls\libgcc.a(_ashrdi3.o)
                              Debug/asx/src/digital_input.o (__lshrdi3)
c:/program files (x86)/atmel/studio/7.0/toolchain/avr8/avr8-gnu-toolchain/bin/../lib/gcc/avr/5.4.0/avrxmega3/short-calls\libgcc.a(_udivmodhi4.o)
                              c:/program files (x86)/atmel/studio/7.0/toolchain/avr8/avr8-gnu-toolchain/bin/../lib/gcc/avr/5.4.0/avrxmega3/short-calls\libgcc.a(_divmodhi4.o) (__udivmodhi4)
c:/program files (x86)/atmel/studio/7.0/toolchain/avr8/avr8-gnu-toolchain/bin/../lib/gcc/avr/5.4.0/avrxmega3/short-calls\libgcc.a(_umulhisi3.o)
                              c:/program files (x86)/atmel/studio/7.0/toolchain/avr8/avr8-gnu-toolchain/bin/../lib/gcc/avr/5.4.0/avrxmega3/short-calls\libgcc.a(_umulsidi3.o) (__umulhisi3)
c:/program files (x86)/atmel/studio/7.0/toolchain/avr8/avr8-gnu-toolchain/bin/../lib/gcc/avr/5.4.0/avrxmega3/short-calls\libgcc.a(_muldi3_6.o)
                              c:/program files (x86)/atmel/studio/7.0/toolchain/avr8/avr8-gnu-toolchain/bin/../lib/gcc/avr/5.4.0/avrxmega3/short-calls\libgcc.a(_umulsidi3.o) (__muldi3_6)
c:/program files (x86)/atmel/studio/7.0/toolchain/avr8/avr8-gnu-toolchain/bin/../lib/gcc/avr/5.4.0/../../../../avr/lib/avrxmega3/short-calls\libc.a(qsort.o)
                              Debug/asx/src/reactor.o (qsort)
c:/program files (x86)/atmel/studio/7.0/toolchain/avr8/avr8-gnu-toolchain/bin/../lib/gcc/avr/5.4.0/../../../../avr/lib/avrxmega3/short-calls\libc.a(memset.o)
                              Debug/asx/src/mem.o (memset)
c:/program files (x86)/atmel/studio/7.0/toolchain/avr8/avr8-gnu-toolchain/bin/../lib/gcc/avr/5.4.0/avrxmega3/short-calls\libgcc.a(_prologue.o)
                              c:/program files (x86)/atmel/studio/7.0/toolchain/avr8/avr8-gnu-toolchain/bin/../lib/gcc/avr/5.4.0/../../../../avr/lib/avrxmega3/short-calls\libc.a(qsort.o) (__prologue_saves__)
c:/program files (x86)/atmel/studio/7.0/toolchain/avr8/avr8-gnu-toolchain/bin/../lib/gcc/avr/5.4.0/avrxmega3/short-calls\libgcc.a(_epilogue.o)
                              c:/program files (x86)/atmel/studio/7.0/toolchain/avr8/avr8-gnu-toolchain/bin/../lib/gcc/avr/5.4.0/../../../../avr/lib/avrxmega3/short-calls\libc.a(qsort.o) (__epilogue_restores__)

Allocating common symbols
Common symbol       size              file

reactor_notifications
                    0x2               Debug/asx/src/reactor.o
react_accept_comms  0x1               Debug/protocol.o
_reactor            0x1               Debug/asx/src/digital_output.o
_di                 0x2               Debug/pressure_mon.o
react_check_comms   0x1               Debug/protocol.o
slave               0x19              Debug/i2c_slave.o

Discarded input sections

 .data          0x00000000        0x0 C:/Program Files (x86)/Atmel/Studio/7.0/Packs/Atmel/ATtiny_DFP/2.0.368/gcc/dev/attiny824/avrxmega3/short-calls/crtattiny824.o
 .bss           0x00000000        0x0 C:/Program Files (x86)/Atmel/Studio/7.0/Packs/Atmel/ATtiny_DFP/2.0.368/gcc/dev/attiny824/avrxmega3/short-calls/crtattiny824.o
 .group         0x00000000        0x8 Debug/asx/src/alert.o
 .group         0x00000000        0x8 Debug/asx/src/alert.o
 .group         0x00000000        0x8 Debug/asx/src/alert.o
 .group         0x00000000        0x8 Debug/asx/src/alert.o
 .group         0x00000000        0x8 Debug/asx/src/alert.o
 .group         0x00000000        0x8 Debug/asx/src/alert.o
 .group         0x00000000        0x8 Debug/asx/src/alert.o
 .group         0x00000000        0x8 Debug/asx/src/alert.o
 .group         0x00000000        0x8 Debug/asx/src/alert.o
 .group         0x00000000        0x8 Debug/asx/src/alert.o
[...]
Memory Configuration

Name             Origin             Length             Attributes
text             0x00000000         0x00002000         xr
data             0x00803c00         0x00000400         rw !x
eeprom           0x00810000         0x00000080         rw !x
fuse             0x00820000         0x0000000a         rw !x
lock             0x00830000         0x00000400         rw !x
signature        0x00840000         0x00000400         rw !x
user_signatures  0x00850000         0x00000400         rw !x
*default*        0x00000000         0xffffffff

Linker script and memory map

Address of section .data set to 0x803c00
                0x00008000                __RODATA_PM_OFFSET__ = 0x8000
LOAD C:/Program Files (x86)/Atmel/Studio/7.0/Packs/Atmel/ATtiny_DFP/2.0.368/gcc/dev/attiny824/avrxmega3/short-calls/crtattiny824.o
START GROUP
LOAD Debug/asx/src/alert.o
LOAD Debug/asx/src/builtin.o
LOAD Debug/asx/src/ccp.o
LOAD Debug/asx/src/_ccp.o
LOAD Debug/asx/src/digital_input.o
LOAD Debug/asx/src/digital_output.o
LOAD Debug/asx/src/mem.o
LOAD Debug/asx/src/queue.o
LOAD Debug/asx/src/reactor.o
LOAD Debug/asx/src/sysclk.o
LOAD Debug/asx/src/timer.o
LOAD Debug/asx/src/twis.o
LOAD Debug/board.o
LOAD Debug/protocol.o
LOAD Debug/i2c_slave.o
LOAD Debug/pressure_mon.o
LOAD Debug/main.o
END GROUP
START GROUP
LOAD c:/program files (x86)/atmel/studio/7.0/toolchain/avr8/avr8-gnu-toolchain/bin/../lib/gcc/avr/5.4.0/../../../../avr/lib/avrxmega3/short-calls\libm.a
END GROUP
LOAD c:/program files (x86)/atmel/studio/7.0/toolchain/avr8/avr8-gnu-toolchain/bin/../lib/gcc/avr/5.4.0/avrxmega3/short-calls\libgcc.a
LOAD c:/program files (x86)/atmel/studio/7.0/toolchain/avr8/avr8-gnu-toolchain/bin/../lib/gcc/avr/5.4.0/../../../../avr/lib/avrxmega3/short-calls\libm.a
START GROUP
LOAD c:/program files (x86)/atmel/studio/7.0/toolchain/avr8/avr8-gnu-toolchain/bin/../lib/gcc/avr/5.4.0/avrxmega3/short-calls\libgcc.a
LOAD c:/program files (x86)/atmel/studio/7.0/toolchain/avr8/avr8-gnu-toolchain/bin/../lib/gcc/avr/5.4.0/../../../../avr/lib/avrxmega3/short-calls\libm.a
LOAD c:/program files (x86)/atmel/studio/7.0/toolchain/avr8/avr8-gnu-toolchain/bin/../lib/gcc/avr/5.4.0/../../../../avr/lib/avrxmega3/short-calls\libc.a
LOAD C:/Program Files (x86)/Atmel/Studio/7.0/Packs/Atmel/ATtiny_DFP/2.0.368/gcc/dev/attiny824/avrxmega3/short-calls\libattiny824.a
END GROUP
                [0x00000000]                __TEXT_REGION_ORIGIN__ = DEFINED (__TEXT_REGION_ORIGIN__)?__TEXT_REGION_ORIGIN__:0x0
                [0x00803c00]                __DATA_REGION_ORIGIN__ = DEFINED (__DATA_REGION_ORIGIN__)?__DATA_REGION_ORIGIN__:0x802000
                [0x00002000]                __TEXT_REGION_LENGTH__ = DEFINED (__TEXT_REGION_LENGTH__)?__TEXT_REGION_LENGTH__:0x100000
                [0x00000400]                __DATA_REGION_LENGTH__ = DEFINED (__DATA_REGION_LENGTH__)?__DATA_REGION_LENGTH__:0xffa0
                [0x00000080]                __EEPROM_REGION_LENGTH__ = DEFINED (__EEPROM_REGION_LENGTH__)?__EEPROM_REGION_LENGTH__:0x10000
                [0x0000000a]                __FUSE_REGION_LENGTH__ = DEFINED (__FUSE_REGION_LENGTH__)?__FUSE_REGION_LENGTH__:0x400
                0x00000400                __LOCK_REGION_LENGTH__ = DEFINED (__LOCK_REGION_LENGTH__)?__LOCK_REGION_LENGTH__:0x400
                0x00000400                __SIGNATURE_REGION_LENGTH__ = DEFINED (__SIGNATURE_REGION_LENGTH__)?__SIGNATURE_REGION_LENGTH__:0x400
                0x00000400                __USER_SIGNATURE_REGION_LENGTH__ = DEFINED (__USER_SIGNATURE_REGION_LENGTH__)?__USER_SIGNATURE_REGION_LENGTH__:0x400
                0x00008000                __RODATA_PM_OFFSET__ = DEFINED (__RODATA_PM_OFFSET__)?__RODATA_PM_OFFSET__:0x8000

.hash
 *(.hash)

.dynsym
 *(.dynsym)

.dynstr
 *(.dynstr)

.gnu.version
 *(.gnu.version)

.gnu.version_d
 *(.gnu.version_d)

.gnu.version_r
 *(.gnu.version_r)

.rel.init
 *(.rel.init)

.rela.init
 *(.rela.init)

.rel.text
 *(.rel.text)
 *(.rel.text.*)
 *(.rel.gnu.linkonce.t*)

.rela.text
 *(.rela.text)
 *(.rela.text.*)
 *(.rela.gnu.linkonce.t*)

.rel.fini
 *(.rel.fini)

.rela.fini
 *(.rela.fini)

.rel.rodata
 *(.rel.rodata)
 *(.rel.rodata.*)
 *(.rel.gnu.linkonce.r*)

.rela.rodata
 *(.rela.rodata)
 *(.rela.rodata.*)
 *(.rela.gnu.linkonce.r*)

.rel.data
 *(.rel.data)
 *(.rel.data.*)
 *(.rel.gnu.linkonce.d*)

.rela.data
 *(.rela.data)
 *(.rela.data.*)
 *(.rela.gnu.linkonce.d*)

.rel.ctors
 *(.rel.ctors)

.rela.ctors
 *(.rela.ctors)

.rel.dtors
 *(.rel.dtors)

.rela.dtors
 *(.rela.dtors)

.rel.got
 *(.rel.got)

.rela.got
 *(.rela.got)

.rel.bss
 *(.rel.bss)

.rela.bss
 *(.rela.bss)

.rel.plt
 *(.rel.plt)

.rela.plt
 *(.rela.plt)

.text           0x00000000     0x15f4
 *(.vectors)
 .vectors       0x00000000       0x3c C:/Program Files (x86)/Atmel/Studio/7.0/Packs/Atmel/ATtiny_DFP/2.0.368/gcc/dev/attiny824/avrxmega3/short-calls/crtattiny824.o
                0x00000000                __vector_default
                0x00000000                __vectors
 *(.vectors)
 *(.progmem.gcc*)
                0x0000003c                . = ALIGN (0x2)
                0x0000003c                __trampolines_start = .
 *(.trampolines)
 .trampolines   0x0000003c        0x0 linker stubs
 *(.trampolines*)
                0x0000003c                __trampolines_end = .
 *libprintf_flt.a:*(.progmem.data)
 *libc.a:*(.progmem.data)
 *(.progmem*)
                0x0000003c                . = ALIGN (0x2)
 *(.jumptables)
 *(.jumptables*)
 *(.lowtext)
 *(.lowtext*)
                0x0000003c                __ctors_start = .
 *(.ctors)
                0x0000003c                __ctors_end = .
                0x0000003c                __dtors_start = .
 *(.dtors)
                0x0000003c                __dtors_end = .
 SORT(*)(.ctors)
 SORT(*)(.dtors)
 *(.init0)
 .init0         0x0000003c        0x0 C:/Program Files (x86)/Atmel/Studio/7.0/Packs/Atmel/ATtiny_DFP/2.0.368/gcc/dev/attiny824/avrxmega3/short-calls/crtattiny824.o
                0x0000003c                __init
 *(.init0)
 *(.init1)
 *(.init1)
 *(.init2)
 .init2         0x0000003c        0xc C:/Program Files (x86)/Atmel/Studio/7.0/Packs/Atmel/ATtiny_DFP/2.0.368/gcc/dev/attiny824/avrxmega3/short-calls/crtattiny824.o
 *(.init2)
 *(.init3)
 *(.init3)
 *(.init4)
 .init4         0x00000048       0x16 c:/program files (x86)/atmel/studio/7.0/toolchain/avr8/avr8-gnu-toolchain/bin/../lib/gcc/avr/5.4.0/avrxmega3/short-calls\libgcc.a(_copy_data.o)
                0x00000048                __do_copy_data
 .init4         0x0000005e       0x10 c:/program files (x86)/atmel/studio/7.0/toolchain/avr8/avr8-gnu-toolchain/bin/../lib/gcc/avr/5.4.0/avrxmega3/short-calls\libgcc.a(_clear_bss.o)
                0x0000005e                __do_clear_bss
 *(.init4)
 *(.init5)
 .init5         0x0000006e       0x12 Debug/asx/src/mem.o
 *(.init5)
 *(.init6)
 *(.init6)
 *(.init7)
 *(.init7)
 *(.init8)
 *(.init8)
 *(.init9)
 .init9         0x00000080        0x4 C:/Program Files (x86)/Atmel/Studio/7.0/Packs/Atmel/ATtiny_DFP/2.0.368/gcc/dev/attiny824/avrxmega3/short-calls/crtattiny824.o
 *(.init9)
 *(.text)
 .text          0x00000084        0x2 C:/Program Files (x86)/Atmel/Studio/7.0/Packs/Atmel/ATtiny_DFP/2.0.368/gcc/dev/attiny824/avrxmega3/short-calls/crtattiny824.o
                0x00000084                __vector_22
                0x00000084                __vector_28
                0x00000084                __vector_1
                0x00000084                __vector_24
                0x00000084                __vector_12
                0x00000084                __bad_interrupt
                0x00000084                __vector_3
                0x00000084                __vector_23
                0x00000084                __vector_11
                0x00000084                __vector_13
                0x00000084                __vector_17
                0x00000084                __vector_19
                0x00000084                __vector_27
                0x00000084                __vector_5
                0x00000084                __vector_4
                0x00000084                __vector_9
                0x00000084                __vector_2
                0x00000084                __vector_21
                0x00000084                __vector_15
                0x00000084                __vector_29
                0x00000084                __vector_8
                0x00000084                __vector_26
                0x00000084                __vector_10
                0x00000084                __vector_16
                0x00000084                __vector_18
                0x00000084                __vector_20
                0x00000086                . = ALIGN (0x2)
 *(.text.*)
 .text.alert_record
                0x00000086       0x18 Debug/asx/src/alert.o
                0x00000086                alert_record
 .text._digital_input_ack
                0x0000009e       0x4e Debug/asx/src/digital_input.o
 .text._digital_input_sample
                0x000000ec       0x82 Debug/asx/src/digital_input.o
 .text._handle_pin_change_isr
                0x0000016e       0xe0 Debug/asx/src/digital_input.o
 .text.digital_input
                0x0000024e       0xf4 Debug/asx/src/digital_input.o
                0x0000024e                digital_input
 .text.digital_input_init
                0x00000342       0x4c Debug/asx/src/digital_input.o
                0x00000342                digital_input_init
 .text.digital_input_value
                0x0000038e        0x6 Debug/asx/src/digital_input.o
                0x0000038e                digital_input_value
 .text.__vector_6
                0x00000394       0x50 Debug/asx/src/digital_input.o
                0x00000394                __vector_6
 .text.__vector_7
                0x000003e4       0x50 Debug/asx/src/digital_input.o
                0x000003e4                __vector_7
 .text.mem_calloc
                0x00000434       0x72 Debug/asx/src/mem.o
                0x00000434                mem_calloc
 .text.queue_init
                0x000004a6       0x40 Debug/asx/src/queue.o
                0x000004a6                queue_init
 .text.queue_is_empty
                0x000004e6       0x18 Debug/asx/src/queue.o
                0x000004e6                queue_is_empty
 .text.queue_leftpop
                0x000004fe       0x52 Debug/asx/src/queue.o
                0x000004fe                queue_leftpop
 .text.queue_ringpush
                0x00000550       0x5c Debug/asx/src/queue.o
                0x00000550                queue_ringpush
 .text.compare_prio
                0x000005ac       0x22 Debug/asx/src/reactor.o
 .text.reactor_init
                0x000005ce       0x28 Debug/asx/src/reactor.o
                0x000005ce                reactor_init
 .text.reactor_register
                0x000005f6       0x80 Debug/asx/src/reactor.o
                0x000005f6                reactor_register
 .text.reactor_notify
                0x00000676       0x32 Debug/asx/src/reactor.o
                0x00000676                reactor_notify
 .text.reactor_run
                0x000006a8      0x1de Debug/asx/src/reactor.o
                0x000006a8                reactor_run
 .text.timer_get_count
                0x00000886       0x16 Debug/asx/src/timer.o
                0x00000886                timer_get_count
 .text.timer_init
                0x0000089c       0x4e Debug/asx/src/timer.o
                0x0000089c                timer_init
 .text.timer_get_count_from_now
                0x000008ea       0x20 Debug/asx/src/timer.o
                0x000008ea                timer_get_count_from_now
 .text.timer_arm
                0x0000090a      0x1a6 Debug/asx/src/timer.o
                0x0000090a                timer_arm
 .text.timer_dispatch
                0x00000ab0       0xd6 Debug/asx/src/timer.o
                0x00000ab0                timer_dispatch
 .text.__vector_25
                0x00000b86       0x7e Debug/asx/src/timer.o
                0x00000b86                __vector_25
 .text.TWI_SlaveInitializeDriver
                0x00000c04       0x16 Debug/asx/src/twis.o
                0x00000c04                TWI_SlaveInitializeDriver
 .text.TWI_SlaveInitializeModule
                0x00000c1a       0x16 Debug/asx/src/twis.o
                0x00000c1a                TWI_SlaveInitializeModule
 .text.TWI_SlaveTransactionFinished
                0x00000c30        0x8 Debug/asx/src/twis.o
                0x00000c30                TWI_SlaveTransactionFinished
 .text.TWI_SlaveAddressMatchHandler
                0x00000c38       0x4c Debug/asx/src/twis.o
                0x00000c38                TWI_SlaveAddressMatchHandler
 .text.TWI_SlaveStopHandler
                0x00000c84       0x1e Debug/asx/src/twis.o
                0x00000c84                TWI_SlaveStopHandler
 .text.TWI_SlaveReadHandler
                0x00000ca2       0x68 Debug/asx/src/twis.o
                0x00000ca2                TWI_SlaveReadHandler
 .text.TWI_SlaveWriteHandler
                0x00000d0a       0x62 Debug/asx/src/twis.o
                0x00000d0a                TWI_SlaveWriteHandler
 .text.TWI_SlaveDataHandler
                0x00000d6c       0x14 Debug/asx/src/twis.o
                0x00000d6c                TWI_SlaveDataHandler
 .text.TWI_SlaveInterruptHandler
                0x00000d80       0x50 Debug/asx/src/twis.o
                0x00000d80                TWI_SlaveInterruptHandler
 .text.board_init
                0x00000dd0       0x4a Debug/board.o
                0x00000dd0                board_init
 .text._on_accept_command_again
                0x00000e1a        0x8 Debug/protocol.o
                0x00000e1a                _on_accept_command_again
 .text.protocol_process
                0x00000e22      0x14e Debug/protocol.o
                0x00000e22                protocol_process
 .text._on_check_comms
                0x00000f70       0x4a Debug/protocol.o
 .text.protocol_init
                0x00000fba       0x4c Debug/protocol.o
                0x00000fba                protocol_init
 .text.slave_process
                0x00001006       0x36 Debug/i2c_slave.o
 .text.i2c_slave_init
                0x0000103c       0x18 Debug/i2c_slave.o
                0x0000103c                i2c_slave_init
 .text.__vector_14
                0x00001054       0x4a Debug/i2c_slave.o
                0x00001054                __vector_14
 .text.pressure_mon_init
                0x0000109e       0x22 Debug/pressure_mon.o
                0x0000109e                pressure_mon_init
 .text.pressure_mon_reply
                0x000010c0        0xc Debug/pressure_mon.o
                0x000010c0                pressure_mon_reply
 .text.main     0x000010cc       0x10 Debug/main.o
                0x000010cc                main
 .text.libgcc.div
                0x000010dc       0x26 c:/program files (x86)/atmel/studio/7.0/toolchain/avr8/avr8-gnu-toolchain/bin/../lib/gcc/avr/5.4.0/avrxmega3/short-calls\libgcc.a(_divmodhi4.o)
                0x000010dc                _div
                0x000010dc                __divmodhi4
 .text.libgcc.mul
                0x00001102       0x4e c:/program files (x86)/atmel/studio/7.0/toolchain/avr8/avr8-gnu-toolchain/bin/../lib/gcc/avr/5.4.0/avrxmega3/short-calls\libgcc.a(_umulsidi3.o)
                0x00001102                __umulsidi3
                0x00001104                __umulsidi3_helper
 .text.libgcc.builtins
                0x00001150       0x3c c:/program files (x86)/atmel/studio/7.0/toolchain/avr8/avr8-gnu-toolchain/bin/../lib/gcc/avr/5.4.0/avrxmega3/short-calls\libgcc.a(_ashrdi3.o)
                0x00001150                __ashrdi3
                0x00001154                __lshrdi3
 .text.libgcc.div
                0x0000118c       0x28 c:/program files (x86)/atmel/studio/7.0/toolchain/avr8/avr8-gnu-toolchain/bin/../lib/gcc/avr/5.4.0/avrxmega3/short-calls\libgcc.a(_udivmodhi4.o)
                0x0000118c                __udivmodhi4
 .text.libgcc.mul
                0x000011b4       0x18 c:/program files (x86)/atmel/studio/7.0/toolchain/avr8/avr8-gnu-toolchain/bin/../lib/gcc/avr/5.4.0/avrxmega3/short-calls\libgcc.a(_umulhisi3.o)
                0x000011b4                __umulhisi3
 .text.libgcc.mul
                0x000011cc       0x10 c:/program files (x86)/atmel/studio/7.0/toolchain/avr8/avr8-gnu-toolchain/bin/../lib/gcc/avr/5.4.0/avrxmega3/short-calls\libgcc.a(_muldi3_6.o)
                0x000011cc                __muldi3_6
 .text.avr-libc
                0x000011dc      0x3a4 c:/program files (x86)/atmel/studio/7.0/toolchain/avr8/avr8-gnu-toolchain/bin/../lib/gcc/avr/5.4.0/../../../../avr/lib/avrxmega3/short-calls\libc.a(qsort.o)
                0x0000125a                qsort
 .text.avr-libc
                0x00001580        0xe c:/program files (x86)/atmel/studio/7.0/toolchain/avr8/avr8-gnu-toolchain/bin/../lib/gcc/avr/5.4.0/../../../../avr/lib/avrxmega3/short-calls\libc.a(memset.o)
                0x00001580                memset
 .text.libgcc.prologue
                0x0000158e       0x32 c:/program files (x86)/atmel/studio/7.0/toolchain/avr8/avr8-gnu-toolchain/bin/../lib/gcc/avr/5.4.0/avrxmega3/short-calls\libgcc.a(_prologue.o)
                0x0000158e                __prologue_saves__
 .text.libgcc.prologue
                0x000015c0       0x30 c:/program files (x86)/atmel/studio/7.0/toolchain/avr8/avr8-gnu-toolchain/bin/../lib/gcc/avr/5.4.0/avrxmega3/short-calls\libgcc.a(_epilogue.o)
                0x000015c0                __epilogue_restores__
                0x000015f0                . = ALIGN (0x2)
 *(.fini9)
 .fini9         0x000015f0        0x0 c:/program files (x86)/atmel/studio/7.0/toolchain/avr8/avr8-gnu-toolchain/bin/../lib/gcc/avr/5.4.0/avrxmega3/short-calls\libgcc.a(_exit.o)
                0x000015f0                _exit
                0x000015f0                exit
 *(.fini9)
 *(.fini8)
 *(.fini8)
 *(.fini7)
 *(.fini7)
 *(.fini6)
 *(.fini6)
 *(.fini5)
 *(.fini5)
 *(.fini4)
 *(.fini4)
 *(.fini3)
 *(.fini3)
 *(.fini2)
 *(.fini2)
 *(.fini1)
 *(.fini1)
 *(.fini0)
 .fini0         0x000015f0        0x4 c:/program files (x86)/atmel/studio/7.0/toolchain/avr8/avr8-gnu-toolchain/bin/../lib/gcc/avr/5.4.0/avrxmega3/short-calls\libgcc.a(_exit.o)
 *(.fini0)
                0x000015f4                _etext = .

.rodata         0x000095f4       0x39 load address 0x000015f4
 *(.rodata)
 *(.rodata*)
 .rodata.str1.1
                0x000095f4       0x11 Debug/asx/src/mem.o
 .rodata.str1.1
                0x00009605       0x15 Debug/asx/src/reactor.o
 .rodata.str1.1
                0x0000961a       0x13 Debug/asx/src/timer.o
 *(.gnu.linkonce.r*)

.data           0x00803c00        0xa load address 0x0000162d
                0x00803c00                PROVIDE (__data_start, .)
 *(.data)
 *(.data*)
 .data._heap_allocation_next_block
                0x00803c00        0x2 Debug/asx/src/mem.o
 .data._timer_current_instance
                0x00803c02        0x4 Debug/asx/src/timer.o
 .data.ready_to_accept_new_command
                0x00803c06        0x1 Debug/protocol.o
                0x00803c06                ready_to_accept_new_command
 .data.current  0x00803c07        0x2 Debug/protocol.o
 *(.gnu.linkonce.d*)
                0x00803c0a                . = ALIGN (0x2)
 *fill*         0x00803c09        0x1 
                0x00803c0a                _edata = .
                0x00803c0a                PROVIDE (__data_end, .)

.bss            0x00803c0a      0x1e1
                0x00803c0a                PROVIDE (__bss_start, .)
 *(.bss)
 *(.bss*)
 .bss.isr_bit_to_acknowledge_mask
                0x00803c0a        0x2 Debug/asx/src/digital_input.o
 .bss._react_ack_it
                0x00803c0c        0x1 Debug/asx/src/digital_input.o
 .bss._react_sample
                0x00803c0d        0x1 Debug/asx/src/digital_input.o
 .bss._first    0x00803c0e        0x2 Debug/asx/src/digital_input.o
 .bss.reactor_lock
                0x00803c10        0x1 Debug/asx/src/reactor.o
 .bss._handlers
                0x00803c11       0xb0 Debug/asx/src/reactor.o
 .bss._next_handle
                0x00803cc1        0x1 Debug/asx/src/reactor.o
 .bss._handle_lookup
                0x00803cc2       0x10 Debug/asx/src/reactor.o
 .bss._timer_reactor_handle
                0x00803cd2        0x1 Debug/asx/src/timer.o
 .bss._timer_slot_avail
                0x00803cd3        0x1 Debug/asx/src/timer.o
 .bss._timer_slot_active
                0x00803cd4        0x1 Debug/asx/src/timer.o
 .bss._timer_free_running_ms_counter
                0x00803cd5        0x4 Debug/asx/src/timer.o
 .bss._timer_future_sorted_list
                0x00803cd9       0xf0 Debug/asx/src/timer.o
 .bss.previous_pin.4095
                0x00803dc9        0x1 Debug/protocol.o
 .bss.message_received_counter
                0x00803dca        0x2 Debug/protocol.o
                0x00803dca                message_received_counter
 *(COMMON)
 COMMON         0x00803dcc        0x2 Debug/asx/src/reactor.o
                0x00803dcc                reactor_notifications
 COMMON         0x00803dce        0x2 Debug/protocol.o
                0x00803dce                react_accept_comms
                0x00803dcf                react_check_comms
 COMMON         0x00803dd0       0x19 Debug/i2c_slave.o
                0x00803dd0                slave
 COMMON         0x00803de9        0x2 Debug/pressure_mon.o
                0x00803de9                _di
                0x00803deb                PROVIDE (__bss_end, .)
                0x0000162d                __data_load_start = LOADADDR (.data)
                0x00001637                __data_load_end = (__data_load_start + SIZEOF (.data))

.noinit         0x00803deb        0x0
                [!provide]                PROVIDE (__noinit_start, .)
 *(.noinit*)
                [!provide]                PROVIDE (__noinit_end, .)
                0x00803deb                _end = .
                0x00803deb                PROVIDE (__heap_start, .)

.eeprom         0x00810000        0x0
 *(.eeprom*)
                0x00810000                __eeprom_end = .

.fuse
 *(.fuse)
 *(.lfuse)
 *(.hfuse)
 *(.efuse)

.lock
 *(.lock*)

.signature
 *(.signature*)

.user_signatures
 *(.user_signatures*)

.stab
 *(.stab)

.stabstr
 *(.stabstr)

.stab.excl
 *(.stab.excl)

.stab.exclstr
 *(.stab.exclstr)

.stab.index
 *(.stab.index)

.stab.indexstr
 *(.stab.indexstr)

.comment        0x00000000       0x30
 *(.comment)
 .comment       0x00000000       0x30 Debug/asx/src/alert.o
                                 0x31 (size before relaxing)
 .comment       0x00000030       0x31 Debug/asx/src/digital_input.o
 .comment       0x00000030       0x31 Debug/asx/src/mem.o
 .comment       0x00000030       0x31 Debug/asx/src/queue.o
 .comment       0x00000030       0x31 Debug/asx/src/reactor.o
 .comment       0x00000030       0x31 Debug/asx/src/timer.o
 .comment       0x00000030       0x31 Debug/asx/src/twis.o
 .comment       0x00000030       0x31 Debug/board.o
 .comment       0x00000030       0x31 Debug/protocol.o
 .comment       0x00000030       0x31 Debug/i2c_slave.o
 .comment       0x00000030       0x31 Debug/pressure_mon.o
 .comment       0x00000030       0x31 Debug/main.o
 .comment       0x00000030       0x31 c:/program files (x86)/atmel/studio/7.0/toolchain/avr8/avr8-gnu-toolchain/bin/../lib/gcc/avr/5.4.0/../../../../avr/lib/avrxmega3/short-calls\libc.a(qsort.o)

.note.gnu.avr.deviceinfo
                0x00000000       0x3c
 .note.gnu.avr.deviceinfo
                0x00000000       0x3c C:/Program Files (x86)/Atmel/Studio/7.0/Packs/Atmel/ATtiny_DFP/2.0.368/gcc/dev/attiny824/avrxmega3/short-calls/crtattiny824.o

.note.gnu.build-id
 *(.note.gnu.build-id)

.debug
 *(.debug)

.line
 *(.line)

.debug_srcinfo
 *(.debug_srcinfo)

.debug_sfnames
 *(.debug_sfnames)

.debug_aranges  0x00000000      0x2c0
 *(.debug_aranges)
 .debug_aranges
                0x00000000       0x28 Debug/asx/src/alert.o
 .debug_aranges
                0x00000028       0x58 Debug/asx/src/digital_input.o
 .debug_aranges
                0x00000080       0x28 Debug/asx/src/mem.o
 .debug_aranges
                0x000000a8       0x50 Debug/asx/src/queue.o
 .debug_aranges
                0x000000f8       0x40 Debug/asx/src/reactor.o
 .debug_aranges
                0x00000138       0x58 Debug/asx/src/timer.o
 .debug_aranges
                0x00000190       0x60 Debug/asx/src/twis.o
 .debug_aranges
                0x000001f0       0x20 Debug/board.o
 .debug_aranges
                0x00000210       0x38 Debug/protocol.o
 .debug_aranges
                0x00000248       0x30 Debug/i2c_slave.o
 .debug_aranges
                0x00000278       0x28 Debug/pressure_mon.o
 .debug_aranges
                0x000002a0       0x20 Debug/main.o

.debug_pubnames
 *(.debug_pubnames)

.debug_info     0x00000000     0x5fbc
 *(.debug_info .gnu.linkonce.wi.*)
 .debug_info    0x00000000     0x1b84 C:/Program Files (x86)/Atmel/Studio/7.0/Packs/Atmel/ATtiny_DFP/2.0.368/gcc/dev/attiny824/avrxmega3/short-calls/crtattiny824.o
 .debug_info    0x00001b84      0x133 Debug/asx/src/alert.o
 .debug_info    0x00001cb7      0xd17 Debug/asx/src/digital_input.o
 .debug_info    0x000029ce      0x1d3 Debug/asx/src/mem.o
 .debug_info    0x00002ba1      0x2fc Debug/asx/src/queue.o
 .debug_info    0x00002e9d      0x648 Debug/asx/src/reactor.o
 .debug_info    0x000034e5      0x90c Debug/asx/src/timer.o
 .debug_info    0x00003df1      0x63a Debug/asx/src/twis.o
 .debug_info    0x0000442b      0x925 Debug/board.o
 .debug_info    0x00004d50      0xa3d Debug/protocol.o
 .debug_info    0x0000578d      0x4b2 Debug/i2c_slave.o
 .debug_info    0x00005c3f      0x267 Debug/pressure_mon.o
 .debug_info    0x00005ea6      0x116 Debug/main.o

.debug_abbrev   0x00000000     0x2f19
 *(.debug_abbrev)
 .debug_abbrev  0x00000000     0x1a0e C:/Program Files (x86)/Atmel/Studio/7.0/Packs/Atmel/ATtiny_DFP/2.0.368/gcc/dev/attiny824/avrxmega3/short-calls/crtattiny824.o
 .debug_abbrev  0x00001a0e       0xcc Debug/asx/src/alert.o
 .debug_abbrev  0x00001ada      0x35e Debug/asx/src/digital_input.o
 .debug_abbrev  0x00001e38      0x102 Debug/asx/src/mem.o
 .debug_abbrev  0x00001f3a       0xec Debug/asx/src/queue.o
 .debug_abbrev  0x00002026      0x277 Debug/asx/src/reactor.o
 .debug_abbrev  0x0000229d      0x2fa Debug/asx/src/timer.o
 .debug_abbrev  0x00002597      0x21a Debug/asx/src/twis.o
 .debug_abbrev  0x000027b1      0x198 Debug/board.o
 .debug_abbrev  0x00002949      0x27d Debug/protocol.o
 .debug_abbrev  0x00002bc6      0x1b6 Debug/i2c_slave.o
 .debug_abbrev  0x00002d7c      0x135 Debug/pressure_mon.o
 .debug_abbrev  0x00002eb1       0x68 Debug/main.o

.debug_line     0x00000000     0x3928
 *(.debug_line .debug_line.* .debug_line_end)
 .debug_line    0x00000000      0x14e C:/Program Files (x86)/Atmel/Studio/7.0/Packs/Atmel/ATtiny_DFP/2.0.368/gcc/dev/attiny824/avrxmega3/short-calls/crtattiny824.o
 .debug_line    0x0000014e      0x2a6 Debug/asx/src/alert.o
 .debug_line    0x000003f4      0x679 Debug/asx/src/digital_input.o
 .debug_line    0x00000a6d      0x2dd Debug/asx/src/mem.o
 .debug_line    0x00000d4a      0x34b Debug/asx/src/queue.o
 .debug_line    0x00001095      0x5e1 Debug/asx/src/reactor.o
 .debug_line    0x00001676      0x660 Debug/asx/src/timer.o
 .debug_line    0x00001cd6      0x5e5 Debug/asx/src/twis.o
 .debug_line    0x000022bb      0x41b Debug/board.o
 .debug_line    0x000026d6      0x581 Debug/protocol.o
 .debug_line    0x00002c57      0x489 Debug/i2c_slave.o
 .debug_line    0x000030e0      0x416 Debug/pressure_mon.o
 .debug_line    0x000034f6      0x432 Debug/main.o

.debug_frame    0x00000000      0x7b4
 *(.debug_frame)
 .debug_frame   0x00000000       0x34 Debug/asx/src/alert.o
 .debug_frame   0x00000034      0x1c8 Debug/asx/src/digital_input.o
 .debug_frame   0x000001fc       0x5c Debug/asx/src/mem.o
 .debug_frame   0x00000258       0xb0 Debug/asx/src/queue.o
 .debug_frame   0x00000308       0x88 Debug/asx/src/reactor.o
 .debug_frame   0x00000390      0x1b0 Debug/asx/src/timer.o
 .debug_frame   0x00000540       0xbc Debug/asx/src/twis.o
 .debug_frame   0x000005fc       0x24 Debug/board.o
 .debug_frame   0x00000620       0x9c Debug/protocol.o
 .debug_frame   0x000006bc       0x94 Debug/i2c_slave.o
 .debug_frame   0x00000750       0x40 Debug/pressure_mon.o
 .debug_frame   0x00000790       0x24 Debug/main.o

.debug_str      0x00000000    0x1b575
 *(.debug_str)
 .debug_str     0x00000000      0xbcd C:/Program Files (x86)/Atmel/Studio/7.0/Packs/Atmel/ATtiny_DFP/2.0.368/gcc/dev/attiny824/avrxmega3/short-calls/crtattiny824.o
 .debug_str     0x00000bcd    0x117f8 Debug/asx/src/alert.o
                              0x11b24 (size before relaxing)
 .debug_str     0x000123c5     0x7b13 Debug/asx/src/digital_input.o
                              0x19302 (size before relaxing)
 .debug_str     0x00019ed8      0x10f Debug/asx/src/mem.o
                              0x11840 (size before relaxing)
 .debug_str     0x00019fe7       0x9a Debug/asx/src/queue.o
                               0x38b0 (size before relaxing)
 .debug_str     0x0001a081      0x83f Debug/asx/src/reactor.o
                              0x19776 (size before relaxing)
 .debug_str     0x0001a8c0      0x3d2 Debug/asx/src/timer.o
                              0x19513 (size before relaxing)
 .debug_str     0x0001ac92      0x3b1 Debug/asx/src/twis.o
                              0x189e5 (size before relaxing)
 .debug_str     0x0001b043       0xa0 Debug/board.o
                              0x18de7 (size before relaxing)
 .debug_str     0x0001b0e3      0x36d Debug/protocol.o
                              0x1937d (size before relaxing)
 .debug_str     0x0001b450       0xea Debug/i2c_slave.o
                              0x18e13 (size before relaxing)
 .debug_str     0x0001b53a       0x21 Debug/pressure_mon.o
                              0x18d48 (size before relaxing)
 .debug_str     0x0001b55b       0x1a Debug/main.o
                              0x18c4c (size before relaxing)

.debug_loc      0x00000000     0x2304
 *(.debug_loc)
 .debug_loc     0x00000000       0x2c Debug/asx/src/alert.o
 .debug_loc     0x0000002c      0x7b9 Debug/asx/src/digital_input.o
 .debug_loc     0x000007e5      0x196 Debug/asx/src/mem.o
 .debug_loc     0x0000097b      0x487 Debug/asx/src/queue.o
 .debug_loc     0x00000e02      0x36f Debug/asx/src/reactor.o
 .debug_loc     0x00001171      0x684 Debug/asx/src/timer.o
 .debug_loc     0x000017f5      0x359 Debug/asx/src/twis.o
 .debug_loc     0x00001b4e      0x21c Debug/board.o
 .debug_loc     0x00001d6a      0x3a3 Debug/protocol.o
 .debug_loc     0x0000210d      0x1c8 Debug/i2c_slave.o
 .debug_loc     0x000022d5       0x2f Debug/pressure_mon.o

.debug_macinfo
 *(.debug_macinfo)

.debug_weaknames
 *(.debug_weaknames)

.debug_funcnames
 *(.debug_funcnames)

.debug_typenames
 *(.debug_typenames)

.debug_varnames
 *(.debug_varnames)

.debug_pubtypes
 *(.debug_pubtypes)

.debug_ranges   0x00000000      0x218
 *(.debug_ranges)
 .debug_ranges  0x00000000       0x18 Debug/asx/src/alert.o
 .debug_ranges  0x00000018       0x48 Debug/asx/src/digital_input.o
 .debug_ranges  0x00000060       0x18 Debug/asx/src/mem.o
 .debug_ranges  0x00000078       0x40 Debug/asx/src/queue.o
 .debug_ranges  0x000000b8       0x48 Debug/asx/src/reactor.o
 .debug_ranges  0x00000100       0x48 Debug/asx/src/timer.o
 .debug_ranges  0x00000148       0x50 Debug/asx/src/twis.o
 .debug_ranges  0x00000198       0x10 Debug/board.o
 .debug_ranges  0x000001a8       0x28 Debug/protocol.o
 .debug_ranges  0x000001d0       0x20 Debug/i2c_slave.o
 .debug_ranges  0x000001f0       0x18 Debug/pressure_mon.o
 .debug_ranges  0x00000208       0x10 Debug/main.o

.debug_macro    0x00000000     0x7815
 *(.debug_macro)
 .debug_macro   0x00000000       0xe3 Debug/asx/src/alert.o
 .debug_macro   0x000000e3      0xa5a Debug/asx/src/alert.o
 .debug_macro   0x00000b3d       0x10 Debug/asx/src/alert.o
 .debug_macro   0x00000b4d      0x1c9 Debug/asx/src/alert.o
 .debug_macro   0x00000d16      0x2fc Debug/asx/src/alert.o
 .debug_macro   0x00001012       0x9e Debug/asx/src/alert.o
 .debug_macro   0x000010b0       0x19 Debug/asx/src/alert.o
 .debug_macro   0x000010c9     0x3cd8 Debug/asx/src/alert.o
 .debug_macro   0x00004da1       0x9a Debug/asx/src/alert.o
 .debug_macro   0x00004e3b       0xa5 Debug/asx/src/alert.o
 .debug_macro   0x00004ee0       0x34 Debug/asx/src/alert.o
 .debug_macro   0x00004f14       0x16 Debug/asx/src/alert.o
 .debug_macro   0x00004f2a       0x18 Debug/asx/src/alert.o
 .debug_macro   0x00004f42       0x34 Debug/asx/src/alert.o
 .debug_macro   0x00004f76       0x62 Debug/asx/src/alert.o
 .debug_macro   0x00004fd8       0x1c Debug/asx/src/alert.o
 .debug_macro   0x00004ff4      0x10e Debug/asx/src/alert.o
 .debug_macro   0x00005102       0x66 Debug/asx/src/alert.o
 .debug_macro   0x00005168       0x16 Debug/asx/src/alert.o
 .debug_macro   0x0000517e       0x22 Debug/asx/src/alert.o
 .debug_macro   0x000051a0       0x16 Debug/asx/src/alert.o
 .debug_macro   0x000051b6      0x1e2 Debug/asx/src/digital_input.o
 .debug_macro   0x00005398       0x69 Debug/asx/src/digital_input.o
 .debug_macro   0x00005401       0x10 Debug/asx/src/digital_input.o
 .debug_macro   0x00005411      0x174 Debug/asx/src/digital_input.o
 .debug_macro   0x00005585       0x35 Debug/asx/src/digital_input.o
 .debug_macro   0x000055ba       0x96 Debug/asx/src/digital_input.o
 .debug_macro   0x00005650       0x17 Debug/asx/src/digital_input.o
 .debug_macro   0x00005667      0x250 Debug/asx/src/digital_input.o
 .debug_macro   0x000058b7       0x76 Debug/asx/src/digital_input.o
 .debug_macro   0x0000592d       0x16 Debug/asx/src/digital_input.o
 .debug_macro   0x00005943      0x6d9 Debug/asx/src/digital_input.o
 .debug_macro   0x0000601c       0x10 Debug/asx/src/digital_input.o
 .debug_macro   0x0000602c       0xe2 Debug/asx/src/digital_input.o
 .debug_macro   0x0000610e       0x40 Debug/asx/src/digital_input.o
 .debug_macro   0x0000614e       0x1c Debug/asx/src/digital_input.o
 .debug_macro   0x0000616a       0xe4 Debug/asx/src/digital_input.o
 .debug_macro   0x0000624e       0x34 Debug/asx/src/digital_input.o
 .debug_macro   0x00006282       0x16 Debug/asx/src/digital_input.o
 .debug_macro   0x00006298       0x28 Debug/asx/src/digital_input.o
 .debug_macro   0x000062c0       0xee Debug/asx/src/mem.o
 .debug_macro   0x000063ae       0x97 Debug/asx/src/mem.o
 .debug_macro   0x00006445       0x16 Debug/asx/src/mem.o
 .debug_macro   0x0000645b       0x97 Debug/asx/src/mem.o
 .debug_macro   0x000064f2       0x5a Debug/asx/src/mem.o
 .debug_macro   0x0000654c       0x6f Debug/asx/src/queue.o
 .debug_macro   0x000065bb      0x1e8 Debug/asx/src/reactor.o
 .debug_macro   0x000067a3       0x42 Debug/asx/src/reactor.o
 .debug_macro   0x000067e5       0x1c Debug/asx/src/reactor.o
 .debug_macro   0x00006801       0x64 Debug/asx/src/reactor.o
 .debug_macro   0x00006865       0x8d Debug/asx/src/reactor.o
 .debug_macro   0x000068f2       0x1c Debug/asx/src/reactor.o
 .debug_macro   0x0000690e       0x46 Debug/asx/src/reactor.o
 .debug_macro   0x00006954      0x1e6 Debug/asx/src/timer.o
 .debug_macro   0x00006b3a       0xfd Debug/asx/src/timer.o
 .debug_macro   0x00006c37      0x182 Debug/asx/src/twis.o
 .debug_macro   0x00006db9       0x22 Debug/asx/src/twis.o
 .debug_macro   0x00006ddb      0x1c4 Debug/board.o
 .debug_macro   0x00006f9f      0x1e9 Debug/protocol.o
 .debug_macro   0x00007188       0x63 Debug/protocol.o
 .debug_macro   0x000071eb       0x16 Debug/protocol.o
 .debug_macro   0x00007201       0x2e Debug/protocol.o
 .debug_macro   0x0000722f      0x1fc Debug/i2c_slave.o
 .debug_macro   0x0000742b       0x3a Debug/i2c_slave.o
 .debug_macro   0x00007465      0x1c9 Debug/pressure_mon.o
 .debug_macro   0x0000762e      0x1e7 Debug/main.o
OUTPUT(Debug/hub.elf elf32-avr)
LOAD linker stubs
