Archive member included to satisfy reference by file (symbol)

c:/program files (x86)/atmel/studio/7.0/toolchain/avr8/avr8-gnu-toolchain/bin/../lib/gcc/avr/5.4.0/avrxmega3/short-calls\libgcc.a(_divmodhi4.o)
                              Release/asx/src/queue.o (__divmodhi4)
c:/program files (x86)/atmel/studio/7.0/toolchain/avr8/avr8-gnu-toolchain/bin/../lib/gcc/avr/5.4.0/avrxmega3/short-calls\libgcc.a(_udivmodsi4.o)
                              Release/asx/src/digital_input.o (__udivmodsi4)
c:/program files (x86)/atmel/studio/7.0/toolchain/avr8/avr8-gnu-toolchain/bin/../lib/gcc/avr/5.4.0/avrxmega3/short-calls\libgcc.a(_exit.o)
                              C:/Program Files (x86)/Atmel/Studio/7.0/Packs/Atmel/ATtiny_DFP/2.0.368/gcc/dev/attiny824/avrxmega3/short-calls/crtattiny824.o (exit)
c:/program files (x86)/atmel/studio/7.0/toolchain/avr8/avr8-gnu-toolchain/bin/../lib/gcc/avr/5.4.0/avrxmega3/short-calls\libgcc.a(_copy_data.o)
                              Release/asx/src/mem.o (__do_copy_data)
c:/program files (x86)/atmel/studio/7.0/toolchain/avr8/avr8-gnu-toolchain/bin/../lib/gcc/avr/5.4.0/avrxmega3/short-calls\libgcc.a(_clear_bss.o)
                              Release/asx/src/digital_input.o (__do_clear_bss)
c:/program files (x86)/atmel/studio/7.0/toolchain/avr8/avr8-gnu-toolchain/bin/../lib/gcc/avr/5.4.0/avrxmega3/short-calls\libgcc.a(_udivmodhi4.o)
                              c:/program files (x86)/atmel/studio/7.0/toolchain/avr8/avr8-gnu-toolchain/bin/../lib/gcc/avr/5.4.0/avrxmega3/short-calls\libgcc.a(_divmodhi4.o) (__udivmodhi4)
c:/program files (x86)/atmel/studio/7.0/toolchain/avr8/avr8-gnu-toolchain/bin/../lib/gcc/avr/5.4.0/../../../../avr/lib/avrxmega3/short-calls\libc.a(qsort.o)
                              Release/asx/src/reactor.o (qsort)
c:/program files (x86)/atmel/studio/7.0/toolchain/avr8/avr8-gnu-toolchain/bin/../lib/gcc/avr/5.4.0/../../../../avr/lib/avrxmega3/short-calls\libc.a(abort.o)
                              Release/asx/src/queue.o (abort)
c:/program files (x86)/atmel/studio/7.0/toolchain/avr8/avr8-gnu-toolchain/bin/../lib/gcc/avr/5.4.0/../../../../avr/lib/avrxmega3/short-calls\libc.a(memset.o)
                              Release/asx/src/mem.o (memset)
c:/program files (x86)/atmel/studio/7.0/toolchain/avr8/avr8-gnu-toolchain/bin/../lib/gcc/avr/5.4.0/avrxmega3/short-calls\libgcc.a(_prologue.o)
                              c:/program files (x86)/atmel/studio/7.0/toolchain/avr8/avr8-gnu-toolchain/bin/../lib/gcc/avr/5.4.0/../../../../avr/lib/avrxmega3/short-calls\libc.a(qsort.o) (__prologue_saves__)
c:/program files (x86)/atmel/studio/7.0/toolchain/avr8/avr8-gnu-toolchain/bin/../lib/gcc/avr/5.4.0/avrxmega3/short-calls\libgcc.a(_epilogue.o)
                              c:/program files (x86)/atmel/studio/7.0/toolchain/avr8/avr8-gnu-toolchain/bin/../lib/gcc/avr/5.4.0/../../../../avr/lib/avrxmega3/short-calls\libc.a(qsort.o) (__epilogue_restores__)

Allocating common symbols
Common symbol       size              file

reactor_notifications
                    0x2               Release/asx/src/reactor.o
_reactor            0x1               Release/asx/src/digital_output.o
_di                 0x2               Release/pressure_mon.o
slave               0x19              Release/i2c_slave.o

Discarded input sections

 .data          0x00000000        0x0 C:/Program Files (x86)/Atmel/Studio/7.0/Packs/Atmel/ATtiny_DFP/2.0.368/gcc/dev/attiny824/avrxmega3/short-calls/crtattiny824.o
 .bss           0x00000000        0x0 C:/Program Files (x86)/Atmel/Studio/7.0/Packs/Atmel/ATtiny_DFP/2.0.368/gcc/dev/attiny824/avrxmega3/short-calls/crtattiny824.o
 .group         0x00000000        0x8 Release/asx/src/alert.o
 .group         0x00000000        0x8 Release/asx/src/alert.o
 .group         0x00000000        0x8 Release/asx/src/alert.o
 .group         0x00000000        0x8 Release/asx/src/alert.o
 .group         0x00000000        0x8 Release/asx/src/alert.o
 .group         0x00000000        0x8 Release/asx/src/alert.o
 .group         0x00000000        0x8 Release/asx/src/alert.o
 .group         0x00000000        0x8 Release/asx/src/alert.o
 .group         0x00000000        0x8 Release/asx/src/alert.o
 .group         0x00000000        0x8 Release/asx/src/alert.o
 .group         0x00000000        0x8 Release/asx/src/alert.o
 .group         0x00000000        0x8 Release/asx/src/alert.o
 .group         0x00000000        0x8 Release/asx/src/alert.o
 .group         0x00000000        0x8 Release/asx/src/alert.o
 .group         0x00000000        0x8 Release/asx/src/alert.o
 .group         0x00000000        0x8 Release/asx/src/alert.o
 .group         0x00000000        0x8 Release/asx/src/alert.o
 .group         0x00000000        0x8 Release/asx/src/alert.o
 .group         0x00000000        0x8 Release/asx/src/alert.o
 .group         0x00000000        0x8 Release/asx/src/alert.o
 .text          0x00000000        0x0 Release/asx/src/alert.o
 .data          0x00000000        0x0 Release/asx/src/alert.o
[...]
Memory Configuration

Name             Origin             Length             Attributes
text             0x00000000         0x00002000         xr
data             0x00803c00         0x00000400         rw !x
eeprom           0x00810000         0x00000080         rw !x
fuse             0x00820000         0x0000000a         rw !x
lock             0x00830000         0x00000400         rw !x
signature        0x00840000         0x00000400         rw !x
user_signatures  0x00850000         0x00000400         rw !x
*default*        0x00000000         0xffffffff

Linker script and memory map

Address of section .data set to 0x803c00
                0x00008000                __RODATA_PM_OFFSET__ = 0x8000
LOAD C:/Program Files (x86)/Atmel/Studio/7.0/Packs/Atmel/ATtiny_DFP/2.0.368/gcc/dev/attiny824/avrxmega3/short-calls/crtattiny824.o
START GROUP
LOAD Release/asx/src/alert.o
LOAD Release/asx/src/builtin.o
LOAD Release/asx/src/ccp.o
LOAD Release/asx/src/_ccp.o
LOAD Release/asx/src/digital_input.o
LOAD Release/asx/src/digital_output.o
LOAD Release/asx/src/mem.o
LOAD Release/asx/src/queue.o
LOAD Release/asx/src/reactor.o
LOAD Release/asx/src/sysclk.o
LOAD Release/asx/src/timer.o
LOAD Release/asx/src/twis.o
LOAD Release/board.o
LOAD Release/protocol.o
LOAD Release/i2c_slave.o
LOAD Release/pressure_mon.o
LOAD Release/main.o
END GROUP
START GROUP
LOAD c:/program files (x86)/atmel/studio/7.0/toolchain/avr8/avr8-gnu-toolchain/bin/../lib/gcc/avr/5.4.0/../../../../avr/lib/avrxmega3/short-calls\libm.a
END GROUP
LOAD c:/program files (x86)/atmel/studio/7.0/toolchain/avr8/avr8-gnu-toolchain/bin/../lib/gcc/avr/5.4.0/avrxmega3/short-calls\libgcc.a
LOAD c:/program files (x86)/atmel/studio/7.0/toolchain/avr8/avr8-gnu-toolchain/bin/../lib/gcc/avr/5.4.0/../../../../avr/lib/avrxmega3/short-calls\libm.a
START GROUP
LOAD c:/program files (x86)/atmel/studio/7.0/toolchain/avr8/avr8-gnu-toolchain/bin/../lib/gcc/avr/5.4.0/avrxmega3/short-calls\libgcc.a
LOAD c:/program files (x86)/atmel/studio/7.0/toolchain/avr8/avr8-gnu-toolchain/bin/../lib/gcc/avr/5.4.0/../../../../avr/lib/avrxmega3/short-calls\libm.a
LOAD c:/program files (x86)/atmel/studio/7.0/toolchain/avr8/avr8-gnu-toolchain/bin/../lib/gcc/avr/5.4.0/../../../../avr/lib/avrxmega3/short-calls\libc.a
LOAD C:/Program Files (x86)/Atmel/Studio/7.0/Packs/Atmel/ATtiny_DFP/2.0.368/gcc/dev/attiny824/avrxmega3/short-calls\libattiny824.a
END GROUP
                [0x00000000]                __TEXT_REGION_ORIGIN__ = DEFINED (__TEXT_REGION_ORIGIN__)?__TEXT_REGION_ORIGIN__:0x0
                [0x00803c00]                __DATA_REGION_ORIGIN__ = DEFINED (__DATA_REGION_ORIGIN__)?__DATA_REGION_ORIGIN__:0x802000
                [0x00002000]                __TEXT_REGION_LENGTH__ = DEFINED (__TEXT_REGION_LENGTH__)?__TEXT_REGION_LENGTH__:0x100000
                [0x00000400]                __DATA_REGION_LENGTH__ = DEFINED (__DATA_REGION_LENGTH__)?__DATA_REGION_LENGTH__:0xffa0
                [0x00000080]                __EEPROM_REGION_LENGTH__ = DEFINED (__EEPROM_REGION_LENGTH__)?__EEPROM_REGION_LENGTH__:0x10000
                [0x0000000a]                __FUSE_REGION_LENGTH__ = DEFINED (__FUSE_REGION_LENGTH__)?__FUSE_REGION_LENGTH__:0x400
                0x00000400                __LOCK_REGION_LENGTH__ = DEFINED (__LOCK_REGION_LENGTH__)?__LOCK_REGION_LENGTH__:0x400
                0x00000400                __SIGNATURE_REGION_LENGTH__ = DEFINED (__SIGNATURE_REGION_LENGTH__)?__SIGNATURE_REGION_LENGTH__:0x400
                0x00000400                __USER_SIGNATURE_REGION_LENGTH__ = DEFINED (__USER_SIGNATURE_REGION_LENGTH__)?__USER_SIGNATURE_REGION_LENGTH__:0x400
                0x00008000                __RODATA_PM_OFFSET__ = DEFINED (__RODATA_PM_OFFSET__)?__RODATA_PM_OFFSET__:0x8000

.hash
 *(.hash)

.dynsym
 *(.dynsym)

.dynstr
 *(.dynstr)

.gnu.version
 *(.gnu.version)

.gnu.version_d
 *(.gnu.version_d)

.gnu.version_r
 *(.gnu.version_r)

.rel.init
 *(.rel.init)

.rela.init
 *(.rela.init)

.rel.text
 *(.rel.text)
 *(.rel.text.*)
 *(.rel.gnu.linkonce.t*)

.rela.text
 *(.rela.text)
 *(.rela.text.*)
 *(.rela.gnu.linkonce.t*)

.rel.fini
 *(.rel.fini)

.rela.fini
 *(.rela.fini)

.rel.rodata
 *(.rel.rodata)
 *(.rel.rodata.*)
 *(.rel.gnu.linkonce.r*)

.rela.rodata
 *(.rela.rodata)
 *(.rela.rodata.*)
 *(.rela.gnu.linkonce.r*)

.rel.data
 *(.rel.data)
 *(.rel.data.*)
 *(.rel.gnu.linkonce.d*)

.rela.data
 *(.rela.data)
 *(.rela.data.*)
 *(.rela.gnu.linkonce.d*)

.rel.ctors
 *(.rel.ctors)

.rela.ctors
 *(.rela.ctors)

.rel.dtors
 *(.rel.dtors)

.rela.dtors
 *(.rela.dtors)

.rel.got
 *(.rel.got)

.rela.got
 *(.rela.got)

.rel.bss
 *(.rel.bss)

.rela.bss
 *(.rela.bss)

.rel.plt
 *(.rel.plt)

.rela.plt
 *(.rela.plt)

.text           0x00000000     0x15e6
 *(.vectors)
 .vectors       0x00000000       0x3c C:/Program Files (x86)/Atmel/Studio/7.0/Packs/Atmel/ATtiny_DFP/2.0.368/gcc/dev/attiny824/avrxmega3/short-calls/crtattiny824.o
                0x00000000                __vector_default
                0x00000000                __vectors
 *(.vectors)
 *(.progmem.gcc*)
                0x0000003c                . = ALIGN (0x2)
                0x0000003c                __trampolines_start = .
 *(.trampolines)
 .trampolines   0x0000003c        0x0 linker stubs
 *(.trampolines*)
                0x0000003c                __trampolines_end = .
 *libprintf_flt.a:*(.progmem.data)
 *libc.a:*(.progmem.data)
 *(.progmem*)
                0x0000003c                . = ALIGN (0x2)
 *(.jumptables)
 *(.jumptables*)
 *(.lowtext)
 *(.lowtext*)
                0x0000003c                __ctors_start = .
 *(.ctors)
                0x0000003c                __ctors_end = .
                0x0000003c                __dtors_start = .
 *(.dtors)
                0x0000003c                __dtors_end = .
 SORT(*)(.ctors)
 SORT(*)(.dtors)
 *(.init0)
 .init0         0x0000003c        0x0 C:/Program Files (x86)/Atmel/Studio/7.0/Packs/Atmel/ATtiny_DFP/2.0.368/gcc/dev/attiny824/avrxmega3/short-calls/crtattiny824.o
                0x0000003c                __init
 *(.init0)
 *(.init1)
 *(.init1)
 *(.init2)
 .init2         0x0000003c        0xc C:/Program Files (x86)/Atmel/Studio/7.0/Packs/Atmel/ATtiny_DFP/2.0.368/gcc/dev/attiny824/avrxmega3/short-calls/crtattiny824.o
 *(.init2)
 *(.init3)
 *(.init3)
 *(.init4)
 .init4         0x00000048       0x16 c:/program files (x86)/atmel/studio/7.0/toolchain/avr8/avr8-gnu-toolchain/bin/../lib/gcc/avr/5.4.0/avrxmega3/short-calls\libgcc.a(_copy_data.o)
                0x00000048                __do_copy_data
 .init4         0x0000005e       0x10 c:/program files (x86)/atmel/studio/7.0/toolchain/avr8/avr8-gnu-toolchain/bin/../lib/gcc/avr/5.4.0/avrxmega3/short-calls\libgcc.a(_clear_bss.o)
                0x0000005e                __do_clear_bss
 *(.init4)
 *(.init5)
 .init5         0x0000006e       0x12 Release/asx/src/mem.o
 *(.init5)
 *(.init6)
 *(.init6)
 *(.init7)
 *(.init7)
 *(.init8)
 *(.init8)
 *(.init9)
 .init9         0x00000080        0x4 C:/Program Files (x86)/Atmel/Studio/7.0/Packs/Atmel/ATtiny_DFP/2.0.368/gcc/dev/attiny824/avrxmega3/short-calls/crtattiny824.o
 *(.init9)
 *(.text)
 .text          0x00000084        0x2 C:/Program Files (x86)/Atmel/Studio/7.0/Packs/Atmel/ATtiny_DFP/2.0.368/gcc/dev/attiny824/avrxmega3/short-calls/crtattiny824.o
                0x00000084                __vector_22
                0x00000084                __vector_28
                0x00000084                __vector_1
                0x00000084                __vector_24
                0x00000084                __vector_12
                0x00000084                __bad_interrupt
                0x00000084                __vector_3
                0x00000084                __vector_23
                0x00000084                __vector_11
                0x00000084                __vector_13
                0x00000084                __vector_17
                0x00000084                __vector_19
                0x00000084                __vector_27
                0x00000084                __vector_5
                0x00000084                __vector_4
                0x00000084                __vector_9
                0x00000084                __vector_2
                0x00000084                __vector_21
                0x00000084                __vector_15
                0x00000084                __vector_29
                0x00000084                __vector_8
                0x00000084                __vector_26
                0x00000084                __vector_10
                0x00000084                __vector_16
                0x00000084                __vector_18
                0x00000084                __vector_20
                0x00000086                . = ALIGN (0x2)
 *(.text.*)
 .text.alert_record
                0x00000086       0x18 Release/asx/src/alert.o
                0x00000086                alert_record
 .text.ccp_write_io
                0x0000009e        0xa Release/asx/src/_ccp.o
                0x0000009e                ccp_write_io
 .text.ioport_set_pin_sense_mode
                0x000000a8       0x44 Release/asx/src/digital_input.o
 .text._clear_interrupt
                0x000000ec       0x3a Release/asx/src/digital_input.o
 .text._digital_input_direct_handler
                0x00000126       0x78 Release/asx/src/digital_input.o
 .text._digital_input_sample
                0x0000019e       0x94 Release/asx/src/digital_input.o
 .text._handle_pin_change_isr
                0x00000232       0x86 Release/asx/src/digital_input.o
 .text.digital_input
                0x000002b8       0x8c Release/asx/src/digital_input.o
                0x000002b8                digital_input
 .text.digital_input_init
                0x00000344       0x5a Release/asx/src/digital_input.o
                0x00000344                digital_input_init
 .text.digital_input_value
                0x0000039e        0x6 Release/asx/src/digital_input.o
                0x0000039e                digital_input_value
 .text.__vector_6
                0x000003a4       0x60 Release/asx/src/digital_input.o
                0x000003a4                __vector_6
 .text.__vector_7
                0x00000404       0x60 Release/asx/src/digital_input.o
                0x00000404                __vector_7
 .text.mem_calloc
                0x00000464       0x76 Release/asx/src/mem.o
                0x00000464                mem_calloc
 .text.queue_init
                0x000004da       0x40 Release/asx/src/queue.o
                0x000004da                queue_init
 .text.queue_is_empty
                0x0000051a       0x12 Release/asx/src/queue.o
                0x0000051a                queue_is_empty
 .text.queue_pop
                0x0000052c       0x4c Release/asx/src/queue.o
                0x0000052c                queue_pop
 .text.queue_push_ring
                0x00000578       0x4e Release/asx/src/queue.o
                0x00000578                queue_push_ring
 .text.compare_prio
                0x000005c6       0x22 Release/asx/src/reactor.o
 .text.reactor_init
                0x000005e8       0x20 Release/asx/src/reactor.o
                0x000005e8                reactor_init
 .text.reactor_register
                0x00000608       0x80 Release/asx/src/reactor.o
                0x00000608                reactor_register
 .text.reactor_notify
                0x00000688       0x4c Release/asx/src/reactor.o
                0x00000688                reactor_notify
 .text.reactor_run
                0x000006d4      0x1cc Release/asx/src/reactor.o
                0x000006d4                reactor_run
 .text.sysclk_init
                0x000008a0        0x8 Release/asx/src/sysclk.o
                0x000008a0                sysclk_init
 .text.timer_get_count
                0x000008a8       0x16 Release/asx/src/timer.o
                0x000008a8                timer_get_count
 .text.timer_init
                0x000008be       0x4a Release/asx/src/timer.o
                0x000008be                timer_init
 .text.timer_get_count_from_now
                0x00000908       0x20 Release/asx/src/timer.o
                0x00000908                timer_get_count_from_now
 .text.timer_arm
                0x00000928      0x190 Release/asx/src/timer.o
                0x00000928                timer_arm
 .text.timer_dispatch
                0x00000ab8       0xd6 Release/asx/src/timer.o
                0x00000ab8                timer_dispatch
 .text.__vector_25
                0x00000b8e       0x7e Release/asx/src/timer.o
                0x00000b8e                __vector_25
 .text.timer_cancel
                0x00000c0c       0xdc Release/asx/src/timer.o
                0x00000c0c                timer_cancel
 .text.TWI_SlaveInitializeDriver
                0x00000ce8       0x16 Release/asx/src/twis.o
                0x00000ce8                TWI_SlaveInitializeDriver
 .text.TWI_SlaveInitializeModule
                0x00000cfe       0x16 Release/asx/src/twis.o
                0x00000cfe                TWI_SlaveInitializeModule
 .text.TWI_SlaveAddressMatchHandler
                0x00000d14       0x3e Release/asx/src/twis.o
                0x00000d14                TWI_SlaveAddressMatchHandler
 .text.TWI_SlaveStopHandler
                0x00000d52       0x2a Release/asx/src/twis.o
                0x00000d52                TWI_SlaveStopHandler
 .text.TWI_SlaveReadHandler
                0x00000d7c       0x60 Release/asx/src/twis.o
                0x00000d7c                TWI_SlaveReadHandler
 .text.TWI_SlaveWriteHandler
                0x00000ddc       0x5a Release/asx/src/twis.o
                0x00000ddc                TWI_SlaveWriteHandler
 .text.TWI_SlaveDataHandler
                0x00000e36        0xe Release/asx/src/twis.o
                0x00000e36                TWI_SlaveDataHandler
 .text.TWI_SlaveInterruptHandler
                0x00000e44       0x42 Release/asx/src/twis.o
                0x00000e44                TWI_SlaveInterruptHandler
 .text.board_init
                0x00000e86       0x4c Release/board.o
                0x00000e86                board_init
 .text._on_accept_command_again
                0x00000ed2       0x1e Release/protocol.o
 .text._protocol_process
                0x00000ef0       0xb2 Release/protocol.o
 .text._on_check_comms
                0x00000fa2       0x20 Release/protocol.o
 .text.protocol_handle_traffic
                0x00000fc2       0x4c Release/protocol.o
                0x00000fc2                protocol_handle_traffic
 .text.protocol_init
                0x0000100e       0x4e Release/protocol.o
                0x0000100e                protocol_init
 .text.slave_process
                0x0000105c       0x2c Release/i2c_slave.o
 .text.i2c_slave_init
                0x00001088       0x1a Release/i2c_slave.o
                0x00001088                i2c_slave_init
 .text.__vector_14
                0x000010a2       0x4a Release/i2c_slave.o
                0x000010a2                __vector_14
 .text.pressure_mon_init
                0x000010ec       0x22 Release/pressure_mon.o
                0x000010ec                pressure_mon_init
 .text.pressure_mon_reply
                0x0000110e        0xa Release/pressure_mon.o
                0x0000110e                pressure_mon_reply
 .text.startup.main
                0x00001118       0x1a Release/main.o
                0x00001118                main
 .text.libgcc.div
                0x00001132       0x26 c:/program files (x86)/atmel/studio/7.0/toolchain/avr8/avr8-gnu-toolchain/bin/../lib/gcc/avr/5.4.0/avrxmega3/short-calls\libgcc.a(_divmodhi4.o)
                0x00001132                _div
                0x00001132                __divmodhi4
 .text.libgcc.div
                0x00001158       0x44 c:/program files (x86)/atmel/studio/7.0/toolchain/avr8/avr8-gnu-toolchain/bin/../lib/gcc/avr/5.4.0/avrxmega3/short-calls\libgcc.a(_udivmodsi4.o)
                0x00001158                __udivmodsi4
 .text.libgcc.div
                0x0000119c       0x28 c:/program files (x86)/atmel/studio/7.0/toolchain/avr8/avr8-gnu-toolchain/bin/../lib/gcc/avr/5.4.0/avrxmega3/short-calls\libgcc.a(_udivmodhi4.o)
                0x0000119c                __udivmodhi4
 .text.avr-libc
                0x000011c4      0x3a4 c:/program files (x86)/atmel/studio/7.0/toolchain/avr8/avr8-gnu-toolchain/bin/../lib/gcc/avr/5.4.0/../../../../avr/lib/avrxmega3/short-calls\libc.a(qsort.o)
                0x00001242                qsort
 .text.avr-libc
                0x00001568        0xa c:/program files (x86)/atmel/studio/7.0/toolchain/avr8/avr8-gnu-toolchain/bin/../lib/gcc/avr/5.4.0/../../../../avr/lib/avrxmega3/short-calls\libc.a(abort.o)
                0x00001568                abort
 .text.avr-libc
                0x00001572        0xe c:/program files (x86)/atmel/studio/7.0/toolchain/avr8/avr8-gnu-toolchain/bin/../lib/gcc/avr/5.4.0/../../../../avr/lib/avrxmega3/short-calls\libc.a(memset.o)
                0x00001572                memset
 .text.libgcc.prologue
                0x00001580       0x32 c:/program files (x86)/atmel/studio/7.0/toolchain/avr8/avr8-gnu-toolchain/bin/../lib/gcc/avr/5.4.0/avrxmega3/short-calls\libgcc.a(_prologue.o)
                0x00001580                __prologue_saves__
 .text.libgcc.prologue
                0x000015b2       0x30 c:/program files (x86)/atmel/studio/7.0/toolchain/avr8/avr8-gnu-toolchain/bin/../lib/gcc/avr/5.4.0/avrxmega3/short-calls\libgcc.a(_epilogue.o)
                0x000015b2                __epilogue_restores__
                0x000015e2                . = ALIGN (0x2)
 *(.fini9)
 .fini9         0x000015e2        0x0 c:/program files (x86)/atmel/studio/7.0/toolchain/avr8/avr8-gnu-toolchain/bin/../lib/gcc/avr/5.4.0/avrxmega3/short-calls\libgcc.a(_exit.o)
                0x000015e2                _exit
                0x000015e2                exit
 *(.fini9)
 *(.fini8)
 *(.fini8)
 *(.fini7)
 *(.fini7)
 *(.fini6)
 *(.fini6)
 *(.fini5)
 *(.fini5)
 *(.fini4)
 *(.fini4)
 *(.fini3)
 *(.fini3)
 *(.fini2)
 *(.fini2)
 *(.fini1)
 *(.fini1)
 *(.fini0)
 .fini0         0x000015e2        0x4 c:/program files (x86)/atmel/studio/7.0/toolchain/avr8/avr8-gnu-toolchain/bin/../lib/gcc/avr/5.4.0/avrxmega3/short-calls\libgcc.a(_exit.o)
 *(.fini0)
                0x000015e6                _etext = .

.rodata         0x000095e6       0x39 load address 0x000015e6
 *(.rodata)
 *(.rodata*)
 .rodata.str1.1
                0x000095e6       0x11 Release/asx/src/mem.o
 .rodata.str1.1
                0x000095f7       0x15 Release/asx/src/reactor.o
 .rodata.str1.1
                0x0000960c       0x13 Release/asx/src/timer.o
 *(.gnu.linkonce.r*)

.data           0x00803c00        0xe load address 0x0000161f
                0x00803c00                PROVIDE (__data_start, .)
 *(.data)
 *(.data*)
 .data._heap_allocation_next_block
                0x00803c00        0x2 Release/asx/src/mem.o
 .data._timer_current_instance
                0x00803c02        0x4 Release/asx/src/timer.o
 .data._ready_to_accept_timer_instance
                0x00803c06        0x4 Release/protocol.o
                0x00803c06                _ready_to_accept_timer_instance
 .data._ready_to_accept_new_command
                0x00803c0a        0x1 Release/protocol.o
                0x00803c0a                _ready_to_accept_new_command
 .data._current_cmd
                0x00803c0b        0x1 Release/protocol.o
 .data._react_i2c_handler
                0x00803c0c        0x1 Release/i2c_slave.o
                0x00803c0c                _react_i2c_handler
 *(.gnu.linkonce.d*)
                0x00803c0e                . = ALIGN (0x2)
 *fill*         0x00803c0d        0x1 
                0x00803c0e                _edata = .
                0x00803c0e                PROVIDE (__data_end, .)

.bss            0x00803c0e      0x1e3
                0x00803c0e                PROVIDE (__bss_start, .)
 *(.bss)
 *(.bss*)
 .bss._isr_bit_mask
                0x00803c0e        0x2 Release/asx/src/digital_input.o
 .bss._react_ack_it
                0x00803c10        0x1 Release/asx/src/digital_input.o
 .bss._react_direct_handler
                0x00803c11        0x1 Release/asx/src/digital_input.o
 .bss._react_sample
                0x00803c12        0x1 Release/asx/src/digital_input.o
 .bss._first_direct
                0x00803c13        0x2 Release/asx/src/digital_input.o
 .bss._first_sampled
                0x00803c15        0x2 Release/asx/src/digital_input.o
 .bss.reactor_lock
                0x00803c17        0x1 Release/asx/src/reactor.o
 .bss._handlers
                0x00803c18       0xb0 Release/asx/src/reactor.o
 .bss._next_handle
                0x00803cc8        0x1 Release/asx/src/reactor.o
 .bss._handle_lookup
                0x00803cc9       0x10 Release/asx/src/reactor.o
 .bss._timer_reactor_handle
                0x00803cd9        0x1 Release/asx/src/timer.o
 .bss._timer_slot_avail
                0x00803cda        0x1 Release/asx/src/timer.o
 .bss._timer_slot_active
                0x00803cdb        0x1 Release/asx/src/timer.o
 .bss._timer_free_running_ms_counter
                0x00803cdc        0x4 Release/asx/src/timer.o
 .bss._timer_future_sorted_list
                0x00803ce0       0xf0 Release/asx/src/timer.o
 .bss._react_accept_comms
                0x00803dd0        0x1 Release/protocol.o
 .bss._react_check_comms
                0x00803dd1        0x1 Release/protocol.o
 .bss._message_received_counter
                0x00803dd2        0x2 Release/protocol.o
                0x00803dd2                _message_received_counter
 *(COMMON)
 COMMON         0x00803dd4        0x2 Release/asx/src/reactor.o
                0x00803dd4                reactor_notifications
 COMMON         0x00803dd6       0x19 Release/i2c_slave.o
                0x00803dd6                slave
 COMMON         0x00803def        0x2 Release/pressure_mon.o
                0x00803def                _di
                0x00803df1                PROVIDE (__bss_end, .)
                0x0000161f                __data_load_start = LOADADDR (.data)
                0x0000162d                __data_load_end = (__data_load_start + SIZEOF (.data))

.noinit         0x00803df1        0x0
                [!provide]                PROVIDE (__noinit_start, .)
 *(.noinit*)
                [!provide]                PROVIDE (__noinit_end, .)
                0x00803df1                _end = .
                0x00803df1                PROVIDE (__heap_start, .)

.eeprom         0x00810000        0x0
 *(.eeprom*)
                0x00810000                __eeprom_end = .

.fuse
 *(.fuse)
 *(.lfuse)
 *(.hfuse)
 *(.efuse)

.lock
 *(.lock*)

.signature
 *(.signature*)

.user_signatures
 *(.user_signatures*)

.stab
 *(.stab)

.stabstr
 *(.stabstr)

.stab.excl
 *(.stab.excl)

.stab.exclstr
 *(.stab.exclstr)

.stab.index
 *(.stab.index)

.stab.indexstr
 *(.stab.indexstr)

.comment        0x00000000       0x30
 *(.comment)
 .comment       0x00000000       0x30 Release/asx/src/alert.o
                                 0x31 (size before relaxing)
 .comment       0x00000030       0x31 Release/asx/src/digital_input.o
 .comment       0x00000030       0x31 Release/asx/src/mem.o
 .comment       0x00000030       0x31 Release/asx/src/queue.o
 .comment       0x00000030       0x31 Release/asx/src/reactor.o
 .comment       0x00000030       0x31 Release/asx/src/sysclk.o
 .comment       0x00000030       0x31 Release/asx/src/timer.o
 .comment       0x00000030       0x31 Release/asx/src/twis.o
 .comment       0x00000030       0x31 Release/board.o
 .comment       0x00000030       0x31 Release/protocol.o
 .comment       0x00000030       0x31 Release/i2c_slave.o
 .comment       0x00000030       0x31 Release/pressure_mon.o
 .comment       0x00000030       0x31 Release/main.o
 .comment       0x00000030       0x31 c:/program files (x86)/atmel/studio/7.0/toolchain/avr8/avr8-gnu-toolchain/bin/../lib/gcc/avr/5.4.0/../../../../avr/lib/avrxmega3/short-calls\libc.a(qsort.o)

.note.gnu.avr.deviceinfo
                0x00000000       0x3c
 .note.gnu.avr.deviceinfo
                0x00000000       0x3c C:/Program Files (x86)/Atmel/Studio/7.0/Packs/Atmel/ATtiny_DFP/2.0.368/gcc/dev/attiny824/avrxmega3/short-calls/crtattiny824.o

.note.gnu.build-id
 *(.note.gnu.build-id)

.debug
 *(.debug)

.line
 *(.line)

.debug_srcinfo
 *(.debug_srcinfo)

.debug_sfnames
 *(.debug_sfnames)

.debug_aranges  0x00000000      0x320
 *(.debug_aranges)
 .debug_aranges
                0x00000000       0x28 Release/asx/src/alert.o
 .debug_aranges
                0x00000028       0x20 Release/asx/src/_ccp.o
 .debug_aranges
                0x00000048       0x68 Release/asx/src/digital_input.o
 .debug_aranges
                0x000000b0       0x28 Release/asx/src/mem.o
 .debug_aranges
                0x000000d8       0x58 Release/asx/src/queue.o
 .debug_aranges
                0x00000130       0x40 Release/asx/src/reactor.o
 .debug_aranges
                0x00000170       0x20 Release/asx/src/sysclk.o
 .debug_aranges
                0x00000190       0x58 Release/asx/src/timer.o
 .debug_aranges
                0x000001e8       0x60 Release/asx/src/twis.o
 .debug_aranges
                0x00000248       0x20 Release/board.o
 .debug_aranges
                0x00000268       0x40 Release/protocol.o
 .debug_aranges
                0x000002a8       0x30 Release/i2c_slave.o
 .debug_aranges
                0x000002d8       0x28 Release/pressure_mon.o
 .debug_aranges
                0x00000300       0x20 Release/main.o

.debug_pubnames
 *(.debug_pubnames)

.debug_info     0x00000000     0x66d9
 *(.debug_info .gnu.linkonce.wi.*)
 .debug_info    0x00000000     0x1b84 C:/Program Files (x86)/Atmel/Studio/7.0/Packs/Atmel/ATtiny_DFP/2.0.368/gcc/dev/attiny824/avrxmega3/short-calls/crtattiny824.o
 .debug_info    0x00001b84      0x133 Release/asx/src/alert.o
 .debug_info    0x00001cb7       0x56 Release/asx/src/_ccp.o
 .debug_info    0x00001d0d      0xd9e Release/asx/src/digital_input.o
 .debug_info    0x00002aab      0x1d3 Release/asx/src/mem.o
 .debug_info    0x00002c7e      0x3bb Release/asx/src/queue.o
 .debug_info    0x00003039      0x6d9 Release/asx/src/reactor.o
 .debug_info    0x00003712      0x25a Release/asx/src/sysclk.o
 .debug_info    0x0000396c      0x8f1 Release/asx/src/timer.o
 .debug_info    0x0000425d      0x78b Release/asx/src/twis.o
 .debug_info    0x000049e8      0x93e Release/board.o
 .debug_info    0x00005326      0xa75 Release/protocol.o
 .debug_info    0x00005d9b      0x4bc Release/i2c_slave.o
 .debug_info    0x00006257      0x29d Release/pressure_mon.o
 .debug_info    0x000064f4      0x1e5 Release/main.o

.debug_abbrev   0x00000000     0x31d5
 *(.debug_abbrev)
 .debug_abbrev  0x00000000     0x1a0e C:/Program Files (x86)/Atmel/Studio/7.0/Packs/Atmel/ATtiny_DFP/2.0.368/gcc/dev/attiny824/avrxmega3/short-calls/crtattiny824.o
 .debug_abbrev  0x00001a0e       0xcc Release/asx/src/alert.o
 .debug_abbrev  0x00001ada       0x14 Release/asx/src/_ccp.o
 .debug_abbrev  0x00001aee      0x3b8 Release/asx/src/digital_input.o
 .debug_abbrev  0x00001ea6      0x102 Release/asx/src/mem.o
 .debug_abbrev  0x00001fa8      0x120 Release/asx/src/queue.o
 .debug_abbrev  0x000020c8      0x2c8 Release/asx/src/reactor.o
 .debug_abbrev  0x00002390      0x116 Release/asx/src/sysclk.o
 .debug_abbrev  0x000024a6      0x2ef Release/asx/src/timer.o
 .debug_abbrev  0x00002795      0x2a7 Release/asx/src/twis.o
 .debug_abbrev  0x00002a3c      0x199 Release/board.o
 .debug_abbrev  0x00002bd5      0x246 Release/protocol.o
 .debug_abbrev  0x00002e1b      0x1d8 Release/i2c_slave.o
 .debug_abbrev  0x00002ff3      0x149 Release/pressure_mon.o
 .debug_abbrev  0x0000313c       0x99 Release/main.o

.debug_line     0x00000000     0x3deb
 *(.debug_line .debug_line.* .debug_line_end)
 .debug_line    0x00000000      0x14e C:/Program Files (x86)/Atmel/Studio/7.0/Packs/Atmel/ATtiny_DFP/2.0.368/gcc/dev/attiny824/avrxmega3/short-calls/crtattiny824.o
 .debug_line    0x0000014e      0x2a6 Release/asx/src/alert.o
 .debug_line    0x000003f4       0x57 Release/asx/src/_ccp.o
 .debug_line    0x0000044b      0x6e2 Release/asx/src/digital_input.o
 .debug_line    0x00000b2d      0x2d7 Release/asx/src/mem.o
 .debug_line    0x00000e04      0x384 Release/asx/src/queue.o
 .debug_line    0x00001188      0x5ec Release/asx/src/reactor.o
 .debug_line    0x00001774      0x3b5 Release/asx/src/sysclk.o
 .debug_line    0x00001b29      0x682 Release/asx/src/timer.o
 .debug_line    0x000021ab      0x5fb Release/asx/src/twis.o
 .debug_line    0x000027a6      0x451 Release/board.o
 .debug_line    0x00002bf7      0x50a Release/protocol.o
 .debug_line    0x00003101      0x4a8 Release/i2c_slave.o
 .debug_line    0x000035a9      0x410 Release/pressure_mon.o
 .debug_line    0x000039b9      0x432 Release/main.o

.debug_frame    0x00000000      0x858
 *(.debug_frame)
 .debug_frame   0x00000000       0x34 Release/asx/src/alert.o
 .debug_frame   0x00000034      0x20c Release/asx/src/digital_input.o
 .debug_frame   0x00000240       0x5c Release/asx/src/mem.o
 .debug_frame   0x0000029c       0xc8 Release/asx/src/queue.o
 .debug_frame   0x00000364       0xa0 Release/asx/src/reactor.o
 .debug_frame   0x00000404       0x24 Release/asx/src/sysclk.o
 .debug_frame   0x00000428      0x1cc Release/asx/src/timer.o
 .debug_frame   0x000005f4       0xbc Release/asx/src/twis.o
 .debug_frame   0x000006b0       0x24 Release/board.o
 .debug_frame   0x000006d4       0x8c Release/protocol.o
 .debug_frame   0x00000760       0x94 Release/i2c_slave.o
 .debug_frame   0x000007f4       0x40 Release/pressure_mon.o
 .debug_frame   0x00000834       0x24 Release/main.o

.debug_str      0x00000000    0x1bd85
 *(.debug_str)
 .debug_str     0x00000000      0xbcd C:/Program Files (x86)/Atmel/Studio/7.0/Packs/Atmel/ATtiny_DFP/2.0.368/gcc/dev/attiny824/avrxmega3/short-calls/crtattiny824.o
 .debug_str     0x00000bcd    0x1180c Release/asx/src/alert.o
                              0x11b38 (size before relaxing)
 .debug_str     0x000123d9     0x7b7e Release/asx/src/digital_input.o
                              0x1938b (size before relaxing)
 .debug_str     0x00019f57      0x10f Release/asx/src/mem.o
                              0x11854 (size before relaxing)
 .debug_str     0x0001a066       0xb6 Release/asx/src/queue.o
                               0x3931 (size before relaxing)
 .debug_str     0x0001a11c      0x83f Release/asx/src/reactor.o
                              0x197af (size before relaxing)
 .debug_str     0x0001a95b      0x783 Release/asx/src/sysclk.o
                              0x18fe1 (size before relaxing)
 .debug_str     0x0001b0de      0x3bb Release/asx/src/timer.o
                              0x1951b (size before relaxing)
 .debug_str     0x0001b499      0x3a4 Release/asx/src/twis.o
                              0x189f9 (size before relaxing)
 .debug_str     0x0001b83d       0xa0 Release/board.o
                              0x192fa (size before relaxing)
 .debug_str     0x0001b8dd      0x371 Release/protocol.o
                              0x193ab (size before relaxing)
 .debug_str     0x0001bc4e       0xfc Release/i2c_slave.o
                              0x18e5e (size before relaxing)
 .debug_str     0x0001bd4a       0x21 Release/pressure_mon.o
                              0x18ded (size before relaxing)
 .debug_str     0x0001bd6b       0x1a Release/main.o
                              0x18f1c (size before relaxing)

.debug_loc      0x00000000     0x25b0
 *(.debug_loc)
 .debug_loc     0x00000000       0x2c Release/asx/src/alert.o
 .debug_loc     0x0000002c      0x89c Release/asx/src/digital_input.o
 .debug_loc     0x000008c8      0x1a1 Release/asx/src/mem.o
 .debug_loc     0x00000a69      0x51f Release/asx/src/queue.o
 .debug_loc     0x00000f88      0x3a8 Release/asx/src/reactor.o
 .debug_loc     0x00001330      0x749 Release/asx/src/timer.o
 .debug_loc     0x00001a79      0x47f Release/asx/src/twis.o
 .debug_loc     0x00001ef8      0x21c Release/board.o
 .debug_loc     0x00002114      0x2f6 Release/protocol.o
 .debug_loc     0x0000240a      0x177 Release/i2c_slave.o
 .debug_loc     0x00002581       0x2f Release/pressure_mon.o

.debug_macinfo
 *(.debug_macinfo)

.debug_weaknames
 *(.debug_weaknames)

.debug_funcnames
 *(.debug_funcnames)

.debug_typenames
 *(.debug_typenames)

.debug_varnames
 *(.debug_varnames)

.debug_pubtypes
 *(.debug_pubtypes)

.debug_ranges   0x00000000      0x320
 *(.debug_ranges)
 .debug_ranges  0x00000000       0x18 Release/asx/src/alert.o
 .debug_ranges  0x00000018       0x88 Release/asx/src/digital_input.o
 .debug_ranges  0x000000a0       0x18 Release/asx/src/mem.o
 .debug_ranges  0x000000b8       0x48 Release/asx/src/queue.o
 .debug_ranges  0x00000100       0x78 Release/asx/src/reactor.o
 .debug_ranges  0x00000178       0x10 Release/asx/src/sysclk.o
 .debug_ranges  0x00000188       0xa8 Release/asx/src/timer.o
 .debug_ranges  0x00000230       0x68 Release/asx/src/twis.o
 .debug_ranges  0x00000298       0x10 Release/board.o
 .debug_ranges  0x000002a8       0x30 Release/protocol.o
 .debug_ranges  0x000002d8       0x20 Release/i2c_slave.o
 .debug_ranges  0x000002f8       0x18 Release/pressure_mon.o
 .debug_ranges  0x00000310       0x10 Release/main.o

.debug_macro    0x00000000     0x7b36
 *(.debug_macro)
 .debug_macro   0x00000000       0xe3 Release/asx/src/alert.o
 .debug_macro   0x000000e3      0xa60 Release/asx/src/alert.o
 .debug_macro   0x00000b43       0x10 Release/asx/src/alert.o
 .debug_macro   0x00000b53      0x1c9 Release/asx/src/alert.o
 .debug_macro   0x00000d1c      0x2fc Release/asx/src/alert.o
 .debug_macro   0x00001018       0x9e Release/asx/src/alert.o
 .debug_macro   0x000010b6       0x19 Release/asx/src/alert.o
 .debug_macro   0x000010cf     0x3cd8 Release/asx/src/alert.o
 .debug_macro   0x00004da7       0x9a Release/asx/src/alert.o
 .debug_macro   0x00004e41       0xa5 Release/asx/src/alert.o
 .debug_macro   0x00004ee6       0x34 Release/asx/src/alert.o
 .debug_macro   0x00004f1a       0x16 Release/asx/src/alert.o
 .debug_macro   0x00004f30       0x18 Release/asx/src/alert.o
 .debug_macro   0x00004f48       0x34 Release/asx/src/alert.o
 .debug_macro   0x00004f7c       0x62 Release/asx/src/alert.o
 .debug_macro   0x00004fde       0x1c Release/asx/src/alert.o
 .debug_macro   0x00004ffa      0x10e Release/asx/src/alert.o
 .debug_macro   0x00005108       0x66 Release/asx/src/alert.o
 .debug_macro   0x0000516e       0x16 Release/asx/src/alert.o
 .debug_macro   0x00005184       0x22 Release/asx/src/alert.o
 .debug_macro   0x000051a6       0x16 Release/asx/src/alert.o
 .debug_macro   0x000051bc      0x1e2 Release/asx/src/digital_input.o
 .debug_macro   0x0000539e       0x69 Release/asx/src/digital_input.o
 .debug_macro   0x00005407       0x10 Release/asx/src/digital_input.o
 .debug_macro   0x00005417      0x174 Release/asx/src/digital_input.o
 .debug_macro   0x0000558b       0x35 Release/asx/src/digital_input.o
 .debug_macro   0x000055c0       0x96 Release/asx/src/digital_input.o
 .debug_macro   0x00005656       0x17 Release/asx/src/digital_input.o
 .debug_macro   0x0000566d      0x250 Release/asx/src/digital_input.o
 .debug_macro   0x000058bd       0x76 Release/asx/src/digital_input.o
 .debug_macro   0x00005933       0x16 Release/asx/src/digital_input.o
 .debug_macro   0x00005949      0x6d9 Release/asx/src/digital_input.o
 .debug_macro   0x00006022       0x10 Release/asx/src/digital_input.o
 .debug_macro   0x00006032       0xe2 Release/asx/src/digital_input.o
 .debug_macro   0x00006114       0x40 Release/asx/src/digital_input.o
 .debug_macro   0x00006154       0x1c Release/asx/src/digital_input.o
 .debug_macro   0x00006170       0xe4 Release/asx/src/digital_input.o
 .debug_macro   0x00006254       0x34 Release/asx/src/digital_input.o
 .debug_macro   0x00006288       0x16 Release/asx/src/digital_input.o
 .debug_macro   0x0000629e       0x28 Release/asx/src/digital_input.o
 .debug_macro   0x000062c6       0xee Release/asx/src/mem.o
 .debug_macro   0x000063b4       0x97 Release/asx/src/mem.o
 .debug_macro   0x0000644b       0x16 Release/asx/src/mem.o
 .debug_macro   0x00006461       0x97 Release/asx/src/mem.o
 .debug_macro   0x000064f8       0x5a Release/asx/src/mem.o
 .debug_macro   0x00006552       0x7f Release/asx/src/queue.o
 .debug_macro   0x000065d1       0x20 Release/asx/src/queue.o
 .debug_macro   0x000065f1      0x1ec Release/asx/src/reactor.o
 .debug_macro   0x000067dd       0x42 Release/asx/src/reactor.o
 .debug_macro   0x0000681f       0x8d Release/asx/src/reactor.o
 .debug_macro   0x000068ac       0x1c Release/asx/src/reactor.o
 .debug_macro   0x000068c8       0x64 Release/asx/src/reactor.o
 .debug_macro   0x0000692c       0x1c Release/asx/src/reactor.o
 .debug_macro   0x00006948       0x46 Release/asx/src/reactor.o
 .debug_macro   0x0000698e      0x1a1 Release/asx/src/sysclk.o
 .debug_macro   0x00006b2f       0x16 Release/asx/src/sysclk.o
 .debug_macro   0x00006b45       0x9b Release/asx/src/sysclk.o
 .debug_macro   0x00006be0       0x5e Release/asx/src/sysclk.o
 .debug_macro   0x00006c3e      0x1e6 Release/asx/src/timer.o
 .debug_macro   0x00006e24       0xfd Release/asx/src/timer.o
 .debug_macro   0x00006f21      0x182 Release/asx/src/twis.o
 .debug_macro   0x000070a3       0x22 Release/asx/src/twis.o
 .debug_macro   0x000070c5      0x1f0 Release/board.o
 .debug_macro   0x000072b5      0x1e9 Release/protocol.o
 .debug_macro   0x0000749e       0x63 Release/protocol.o
 .debug_macro   0x00007501       0x16 Release/protocol.o
 .debug_macro   0x00007517       0x28 Release/protocol.o
 .debug_macro   0x0000753f      0x1f9 Release/i2c_slave.o
 .debug_macro   0x00007738       0x3a Release/i2c_slave.o
 .debug_macro   0x00007772       0x10 Release/i2c_slave.o
 .debug_macro   0x00007782      0x1c9 Release/pressure_mon.o
 .debug_macro   0x0000794b      0x1eb Release/main.o
OUTPUT(Release/hub.elf elf32-avr)
LOAD linker stubs
